0_0.map
[RSC]
G ground.png
D dirt.png
M mountain.png
h houseWall.png
b doorBottom.png
t doorTop.png
c houseWindow.png
[AT]
MMMMMMMMMMMMMMMMMMMMMMMMMMMM
MMMMMMMMMMMMMMMMMMMMMMMMMMMM
MMMMMMMMMMMMMMMMMMMMMMMMMMMM
MMM.........................
MMM.........hhhhh...........
MMM.........hchch...........
MMM.........hhthh...........
MMM.........hhbhh...........
MMM.........................
MMM.........................
MMM.........................
MMM.........................
MMM.........................
MMM.........................
MMM.........................
MMM.........................
MMM.........hhhhh...........
MMM.........hchch...........
MMM.........hhthh...........
MMM.........hhbhh...........
MMM.........................
MMM.........................
MMM.........................
MMM.........................

[UNDER]
............................
............................
............................
...GGGGGGGGGGGGGGGGGGGGGGGGG
...GGGGGGGGG.....GGGGGGGGGGG
...GGGGGGGGG.....GGGGGGGGGGG
...GGGGGGGGG.....GGGGGGGGGGG
...GGGGGGGGG.....GGGGGGGGGGG
...GGGGGGGGGGDDDGGGGGGGGGGGG
...GGGGGGGGGGDDDGGGGGGGGGGGG
...GGGGGGGGGGDDDDDDDDDDDDDDD
...GGGGGGGGGGDDDDDDDDDDDDDDD
...GGGGGGGGGGDDDDDDDDDDDDDDD
...GGGGGGGGGGGGGDDDGGGGGGGGG
...GGGGGGGGGGGGGDDDGGGGGGGGG
...GGGGGGGGGGGGGDDDGGGGGGGGG
...GGGGGGGGGGGG.....GGGGGGGG
...GGGGGGGGGGGG.....GGGGGGGG
...GGGGGGGGGGGG.....GGGGGGGG
...GGGGGGGGGGGG.....GGGGGGGG
...GGGGGGGGGGGGGGGGGGGGGGGGG
...GGGGGGGGGGGGGGGGGGGGGGGGG
...GGGGGGGGGGGGGGGGGGGGGGGGG
...GGGGGGGGGGGGGGGGGGGGGGGGG

[ENTITY]
