0_0.map
[RSC]
G ground.png
D dirt.png
M mountain.png

[AT]
MMMMMMMMMMMMMMMMMMMMMMMMMMMM
MMMMMMMMMMMMMMMMMMMMMMMMMMMM
MMMMMMMMMMMMMMMMMMMMMMMMMMMM
MMM.........................
MMM.........DDDDD...........
MMM.........DDDDD...........
MMM.........DDDDD...........
MMM.........DDDDD...........
MMM.........................
MMM.........................
MMM.........................
MMM.........................
MMM.........................
MMM.........................
MMM.........................
MMM.........................
MMM.........DDDDD...........
MMM.........DDDDD...........
MMM.........DDDDD...........
MMM.........DDDDD...........
MMM.........................
MMM.........................
MMM.........................
MMM.........................

[UNDER]
............................
............................
............................
...GGGGGGGGGGGGGGGGGGGGGGGGG
...GGGGGGGGG.....GGGGGGGGGGG
...GGGGGGGGG.....GGGGGGGGGGG
...GGGGGGGGG.....GGGGGGGGGGG
...GGGGGGGGG.....GGGGGGGGGGG
...GGGGGGGGGGDDDGGGGGGGGGGGG
...GGGGGGGGGGDDDGGGGGGGGGGGG
...GGGGGGGGGGDDDDDDDDDDDDDDD
...GGGGGGGGGGDDDDDDDDDDDDDDD
...GGGGGGGGGGDDDDDDDDDDDDDDD
...GGGGGGGGGGGGGDDDGGGGGGGGG
...GGGGGGGGGGGGGDDDGGGGGGGGG
...GGGGGGGGGGGGGDDDGGGGGGGGG
...GGGGGGGGGGGG.....GGGGGGGG
...GGGGGGGGGGGG.....GGGGGGGG
...GGGGGGGGGGGG.....GGGGGGGG
...GGGGGGGGGGGG.....GGGGGGGG
...GGGGGGGGGGGGGGGGGGGGGGGGG
...GGGGGGGGGGGGGGGGGGGGGGGGG
...GGGGGGGGGGGGGGGGGGGGGGGGG
...GGGGGGGGGGGGGGGGGGGGGGGGG

[ENTITY]
