0_0.map
[RSC]
H mountain.png
d fronthousedoor.png
w fronthousewindow.png
W fronthousewall.png
s fronthouseshingles.png
G ground.png
D dirt.png
M mountain.png

[AT]
MMMMMMMMMMMMMMMMMMMMMMMMMMMM
MMMMMMMMMMMMMMMMMMMMMMMMMMMM
MMMMMMMMMMMMMMMMMMMMMMMMMMMM
MMM.........................
MMM.........sssss...........
MMM.........sssss...........
MMM.........WwWwW...........
MMM.........WWdWW...........
MMM.........................
MMM.........................
MMM.........................
MMM.........................
MMM.........................
MMM.........................
MMM.........................
MMM.........................
MMM............sssss........
MMM............sssss........
MMM............WwWwW........
MMM............WWdWW........
MMM.........................
MMM.........................
MMM.........................
MMM.........................

[UNDER]
............................
............................
............................
...GGGGGGGGGGGGGGGGGGGGGGGGG
...GGGGGGGGG.....GGGGGGGGGGG
...GGGGGGGGG.....GGGGGGGGGGG
...GGGGGGGGG.....GGGGGGGGGGG
...GGGGGGGGG.....GGGGGGGGGGG
...GGGGGGGGGGDDDGGGGGGGGGGGG
...GGGGGGGGGGDDDGGGGGGGGGGGG
...GGGGGGGGGGDDDDDDDDDDDDDDD
...GGGGGGGGGGDDDDDDDDDDDDDDD
...GGGGGGGGGGDDDDDDDDDDDDDDD
...GGGGGGGGGGGGGDDDGGGGGGGGG
...GGGGGGGGGGGGGDDDGGGGGGGGG
...GGGGGGGGGGGGGDDDGGGGGGGGG
...GGGGGGGGGGGG.....GGGGGGGG
...GGGGGGGGGGGG.....GGGGGGGG
...GGGGGGGGGGGG.....GGGGGGGG
...GGGGGGGGGGGG.....GGGGGGGG
...GGGGGGGGGGGGGGGGGGGGGGGGG
...GGGGGGGGGGGGGGGGGGGGGGGGG
...GGGGGGGGGGGGGGGGGGGGGGGGG
...GGGGGGGGGGGGGGGGGGGGGGGGG

[ENTITY]
