0_1.map
[RSC]
G ground.png
M mountain.png
D dirt.png
W fronthousewall.png
w fronthousewindow.png
s fronthouseshingles.png

[AT]
MMM.........................
MMM.........................
MMM.........................
MMM.........................
MMM.........................
MMM.........................
MMM....sssss................
MMM....sssss................
MMM....WwWwW................
MMM....WWWWW................
MMM.........................
MMM.........................
MMM.........................
MMM....sssss................
MMM....sssss................
MMM....WwWwW................
MMM....WWWWW................
MMM.........................
MMM.........................
MMM.........................
MMM.........................
MMM.........................
MMM.........................
MMM.........................

[UNDER]
...GGGGGGGGGGGGGGGGGGGGGGGGG
...GGGGGGGGGGGGGGGGGGGGGGGGG
...GGGGGGGGGGGGGGGGGGGGGGGGG
...GGGGGGGGGGGGGGGGGGGGGGGGG
...GGGGGGGGGGGGGGGGGGGGGGGGG
...GGGGGGGGGGGGGGGGGGGGGGGGG
...GGGG.....GGGGGGGGGGGGGGGG
...GGGG.....GGGGGGGGGGGGGGGG
...GGGG.....GGGGGGGGGGGGGGGG
...GGGG.....GGGGGGGGGGGGGGGG
...GGGGGGGGGGGGGGGGGGGGGGGGG
...GGGGGGGGGGGGGGGGGGGGGGGGG
...GGGGGGGGGGGGGGGGGGGGGGGGG
...GGGG.....GGGGGGGGGGGGGGGG
...GGGG.....GGGGGGGGGGGGGGGG
...GGGG.....GGGGGGGGGGGGGGGG
...GGGG.....GGGGGGGGGGGGGGGG
...GGGGGGGGGGGGGGGGGGGGGGGGG
...GGGGGGGGGGGGGGGGGGGGGGGGG
...GGGGGGGGGGGGGGGGGGGGGGGGG
...GGGGGGGGGGGGGGGGGGGGGGGGG
...GGGGGGGGGGGGGGGGGGGGGGGGG
...GGGGGGGGGGGGGGGGGGGGGGGGG
...GGGGGGGGGGGGGGGGGGGGGGGGG

[ENTITY]
skeleton skeleton.png 0,0
