0_1.map
[RSC]
G ground.png
M mountain.png
D dirt.png
h fronthousewall.png
s fronthouseshingles.png
c fronthousewindow.png

[AT]
MMM.........................
MMM.........................
MMM.........................
MMM.........................
MMM.........................
MMM.........................
MMM....sssss................
MMM....sssss................
MMM....hchch................
MMM....hhhhh................
MMM.........................
MMM.........................
MMM.........................
MMM....sssss................
MMM....sssss................
MMM....hchch................
MMM....hhhhh................
MMM.........................
MMM.........................
MMM.........................
MMM.........................
MMM.........................
MMM.........................
MMM.........................

[UNDER]
...GGGGGGGGGGGGGGGGGGGGGGGGG
...GGGGGGGGGGGGGGGGGGGGGGGGG
...GGGGGGGGGGGGGGGGGGGGGGGGG
...GGGGGGGGGGGGGGGGGGGGGGGGG
...GGGGGGGGGGGGGGGGGGGGGGGGG
...GGGGGGGGGGGGGGGGGGGGGGGGG
...GGGG.....GGGGGGGGGGGGGGGG
...GGGG.....GGGGGGGGGGGGGGGG
...GGGG.....GGGGGGGGGGGGGGGG
...GGGG.....GGGGGGGGGGGGGGGG
...GGGGGGGGGGGGGGGGGGGGGGGGG
...GGGGGGGGGGGGGGGGGGGGGGGGG
...GGGGGGGGGGGGGGGGGGGGGGGGG
...GGGG.....GGGGGGGGGGGGGGGG
...GGGG.....GGGGGGGGGGGGGGGG
...GGGG.....GGGGGGGGGGGGGGGG
...GGGG.....GGGGGGGGGGGGGGGG
...GGGGGGGGGGGGGGGGGGGGGGGGG
...GGGGGGGGGGGGGGGGGGGGGGGGG
...GGGGGGGGGGGGGGGGGGGGGGGGG
...GGGGGGGGGGGGGGGGGGGGGGGGG
...GGGGGGGGGGGGGGGGGGGGGGGGG
...GGGGGGGGGGGGGGGGGGGGGGGGG
...GGGGGGGGGGGGGGGGGGGGGGGGG

[ENTITY]
skeleton skeleton.png 0,0
