0_3.map
[RSC]
M mountain.png
G grass.png
[AT]
MMM.........................
MMM.........................
MMM.........................
MMM.........................
MMM.........................
MMM.........................
MMM.........................
MMM.........................
MMM.........................
MMM.........................
MMM.........................
MMM.........................
MMM.........................
MMM.........................
MMM.........................
MMM.........................
MMM.........................
MMM.........................
MMM.........................
MMM.........................
MMM.........................
MMM.........................
MMM.........................
MMM.........................
[UNDER]
...GGGGGGGGGGGGGGGGGGGGGGGGG
...GGGGGGGGGGGGGGGGGGGGGGGGG
...GGGGGGGGGGGGGGGGGGGGGGGGG
...GGGGGGGGGGGGGGGGGGGGGGGGG
...GGGGGGGGGGGGGGGGGGGGGGGGG
...GGGGGGGGGGGGGGGGGGGGGGGGG
...GGGGGGGGGGGGGGGGGGGGGGGGG
...GGGGGGGGGGGGGGGGGGGGGGGGG
...GGGGGGGGGGGGGGGGGGGGGGGGG
...GGGGGGGGGGGGGGGGGGGGGGGGG
...GGGGGGGGGGGGGGGGGGGGGGGGG
...GGGGGGGGGGGGGGGGGGGGGGGGG
...GGGGGGGGGGGGGGGGGGGGGGGGG
...GGGGGGGGGGGGGGGGGGGGGGGGG
...GGGGGGGGGGGGGGGGGGGGGGGGG
...GGGGGGGGGGGGGGGGGGGGGGGGG
...GGGGGGGGGGGGGGGGGGGGGGGGG
...GGGGGGGGGGGGGGGGGGGGGGGGG
...GGGGGGGGGGGGGGGGGGGGGGGGG
...GGGGGGGGGGGGGGGGGGGGGGGGG
...GGGGGGGGGGGGGGGGGGGGGGGGG
...GGGGGGGGGGGGGGGGGGGGGGGGG
...GGGGGGGGGGGGGGGGGGGGGGGGG
...GGGGGGGGGGGGGGGGGGGGGGGGG
[ENTITY]
