-
[RSC]
S sand.png

[AT]
MMM.........................
M...........................
M...........................
M...........................
M...........................
M...........................
M...........................
M...........................
M...........................
M...........................
M...........................
M...........................
M...........................
M...........................
M...........................
M...........................
M...........................
M...........................
M...........................
M...........................
M...........................
M...........................
M...........................
M...........................

[UNDER]
...SSSSSSSSSSSSSSSSSSSSSSSSS
.SSSSSSSSSSSSSSSSSSSSSSSSSSS
.SSSSSSSSSSSSSSSSSSSSSSSSSSS
.SSSSSSSSSSSSSSSSSSSSSSSSSSS
.SSSSSSSSSSSSSSSSSSSSSSSSSSS
.SSSSSSSSSSSSSSSSSSSSSSSSSSS
.SSSSSSSSSSSSSSSSSSSSSSSSSSS
.SSSSSSSSSSSSSSSSSSSSSSSSSSS
.SSSSSSSSSSSSSSSSSSSSSSSSSSS
.SSSSSSSSSSSSSSSSSSSSSSSSSSS
.SSSSSSSSSSSSSSSSSSSSSSSSSSS
.SSSSSSSSSSSSSSSSSSSSSSSSSSS
.SSSSSSSSSSSSSSSSSSSSSSSSSSS
.SSSSSSSSSSSSSSSSSSSSSSSSSSS
.SSSSSSSSSSSSSSSSSSSSSSSSSSS
.SSSSSSSSSSSSSSSSSSSSSSSSSSS
.SSSSSSSSSSSSSSSSSSSSSSSSSSS
.SSSSSSSSSSSSSSSSSSSSSSSSSSS
.SSSSSSSSSSSSSSSSSSSSSSSSSSS
.SSSSSSSSSSSSSSSSSSSSSSSSSSS
.SSSSSSSSSSSSSSSSSSSSSSSSSSS
.SSSSSSSSSSSSSSSSSSSSSSSSSSS
.SSSSSSSSSSSSSSSSSSSSSSSSSSS
.SSSSSSSSSSSSSSSSSSSSSSSSSSS

[ENTITY]
