-
[RSC]
S sand.png
M mountain.png

[AT]
MMM.........................
MM..........................
MM..........................
M...........................
M...........................
M...........................
M...........................
M...........................
M...........................
M...........................
M...........................
M...........................
M...........................
M...........................
M...........................
M...........................
M...........................
M...........................
M...........................
M...........................
M...........................
M...........................
M...........................
M...........................

[UNDER]
...SSSSSSSSSSSSSSSSSSSSSSSSS
.SSSSSSSSSSSSSSSSSSSSSSSSSSS
.SSSSSSSSSSSSSSSSSSSSSSSSSSS
.SSSSSSSSSSSSSSSSSSSSSSSSSSS
.SSSSSSSSSSSSSSSSSSSSSSSSSSS
.SSSSSSSSSSSSSSSSSSSSSSSSSSS
.SSSSSSSSSSSSSSSSSSSSSSSSSSS
.SSSSSSSSSSSSSSSSSSSSSSSSSSS
.SSSSSSSSSSSSSSSSSSSSSSSSSSS
.SSSSSSSSSSSSSSSSSSSSSSSSSSS
.SSSSSSSSSSSSSSSSSSSSSSSSSSS
.SSSSSSSSSSSSSSSSSSSSSSSSSSS
.SSSSSSSSSSSSSSSSSSSSSSSSSSS
.SSSSSSSSSSSSSSSSSSSSSSSSSSS
.SSSSSSSSSSSSSSSSSSSSSSSSSSS
.SSSSSSSSSSSSSSSSSSSSSSSSSSS
.SSSSSSSSSSSSSSSSSSSSSSSSSSS
.SSSSSSSSSSSSSSSSSSSSSSSSSSS
.SSSSSSSSSSSSSSSSSSSSSSSSSSS
.SSSSSSSSSSSSSSSSSSSSSSSSSSS
.SSSSSSSSSSSSSSSSSSSSSSSSSSS
.SSSSSSSSSSSSSSSSSSSSSSSSSSS
.SSSSSSSSSSSSSSSSSSSSSSSSSSS
.SSSSSSSSSSSSSSSSSSSSSSSSSSS

[ENTITY]
