-
[RSC]
S sand.png
M mountain.png

[AT]
M...........................
M...........................
M...........................
M...........................
M...........................
M...........................
M...........................
M...........................
M...........................
M...........................
M...........................
M...........................
M...........................
M...........................
M...........................
M...........................
M...........................
M...........................
M...........................
M...........................
M...........................
M...........................
M...........................
M...........................

[UNDER]
.SSSSSSSSSSSSSSSSSSSSSSSSSSS
.SSSSSSSSSSSSSSSSSSSSSSSSSSS
.SSSSSSSSSSSSSSSSSSSSSSSSSSS
.SSSSSSSSSSSSSSSSSSSSSSSSSSS
.SSSSSSSSSSSSSSSSSSSSSSSSSSS
.SSSSSSSSSSSSSSSSSSSSSSSSSSS
.SSSSSSSSSSSSSSSSSSSSSSSSSSS
.SSSSSSSSSSSSSSSSSSSSSSSSSSS
.SSSSSSSSSSSSSSSSSSSSSSSSSSS
.SSSSSSSSSSSSSSSSSSSSSSSSSSS
.SSSSSSSSSSSSSSSSSSSSSSSSSSS
.SSSSSSSSSSSSSSSSSSSSSSSSSSS
.SSSSSSSSSSSSSSSSSSSSSSSSSSS
.SSSSSSSSSSSSSSSSSSSSSSSSSSS
.SSSSSSSSSSSSSSSSSSSSSSSSSSS
.SSSSSSSSSSSSSSSSSSSSSSSSSSS
.SSSSSSSSSSSSSSSSSSSSSSSSSSS
.SSSSSSSSSSSSSSSSSSSSSSSSSSS
.SSSSSSSSSSSSSSSSSSSSSSSSSSS
.SSSSSSSSSSSSSSSSSSSSSSSSSSS
.SSSSSSSSSSSSSSSSSSSSSSSSSSS
.SSSSSSSSSSSSSSSSSSSSSSSSSSS
.SSSSSSSSSSSSSSSSSSSSSSSSSSS
.SSSSSSSSSSSSSSSSSSSSSSSSSSS

[ENTITY]
