1_0.map
[RSC]
G ground.png
D dirt.png
M mountain.png
h houseWall.png
b doorBottom.png
t doorTop.png
c houseWindow.png


[AT]
MMMMMMMMMMMMMMMMMMMMMMMMMMMM
MMMMMMMMMMMMMMMMMMMMMMMMMMMM
MMMMMMMMMMMMMMMMMMMMMMMMMMMM
............................
............................
............................
............................
............................
............................
............................
.................hhhhhh.....
.................hchhch.....
.................hhhhhh.....
.................hhhhhh.....
.................hthhch.....
.................hbhhhh.....
............................
............................
............................
............................
............................
............................
............................
............................

[UNDER]
............................
............................
............................
GGGGGGGGGGGGGGGGGGGGGGGGGGGG
GGGGGGGGGGGGGGGGGGGGGGGGGGGG
GGGGGGGGGGGGGGGGGGGGGGGGGGGG
GGGGGGGGGGGGGGGGGGGGGGGGGGGG
GGGGGGGGGGGGGGGGGGGGGGGGGGGG
GGGGGGGGGGGGGGGGGGGGGGGGGGGG
GGGGGGGGGGGGGGGGGGGGGGGGGGGG
DDDDDDDDDDDDDDDGG......GGGGG
DDDDDDDDDDDDDDDGG......GGGGG
DDDDDDDDDDDDDDDDD......GGGGG
GGGGGGGGGGGGDDDDD......GGGGG
GGGGGGGGGGGGDDDGG......GGGGG
GGGGGGGGGGGGDDDGG......GGGGG
GGGGGGGGGGGGDDDGGGGGGGGGGGGG
GGGGGGGGGGGGDDDGGGGGGGGGGGGG
GGGGGGGGGGGGDDDGGGGGGGGGGGGG
GGGGGGGGGGGGDDDGGGGGGGGGGGGG
GGGGGGGGGGGGDDDGGGGGGGGGGGGG
GGGGGGGGGGGGDDDGGGGGGGGGGGGG
GGGGGGGGGGGGDDDGGGGGGGGGGGGG
GGGGGGGGGGGGDDDGGGGGGGGGGGGG
