1_0.map
[RSC]
G ground.png
D dirt.png
M mountain.png
h fronthousewall.png
s fronthouseshingles.png
c fronthousewindow.png

[AT]
MMMMMMMMMMMMMMMMMMMMMMMMMMMM
MMMMMMMMMMMMMMMMMMMMMMMMMMMM
MMMMMMMMMMMMMMMMMMMMMMMMMMMM
............................
............................
............................
............................
............................
............................
............................
.................ssssss.....
.................ssssss.....
.................hhhhhh.....
.................hchhch.....
.................hhhhhh.....
.................hhhhhh.....
............................
............................
............................
............................
............................
............................
............................
............................

[UNDER]
............................
............................
............................
GGGGGGGGGGGGGGGGGGGGGGGGGGGG
GGGGGGGGGGGGGGGGGGGGGGGGGGGG
GGGGGGGGGGGGGGGGGGGGGGGGGGGG
GGGGGGGGGGGGGGGGGGGGGGGGGGGG
GGGGGGGGGGGGGGGGGGGGGGGGGGGG
GGGGGGGGGGGGGGGGGGGGGGGGGGGG
GGGGGGGGGGGGGGGGGGGGGGGGGGGG
DDDDDDDDDDDDDDDGG......GGGGG
DDDDDDDDDDDDDDDGG......GGGGG
DDDDDDDDDDDDDDDGG......GGGGG
GGGGGGGGGGGGDDDDD......GGGGG
GGGGGGGGGGGGDDDDD......GGGGG
GGGGGGGGGGGGDDDDD......GGGGG
GGGGGGGGGGGGDDDGGGGGGGGGGGGG
GGGGGGGGGGGGDDDGGGGGGGGGGGGG
GGGGGGGGGGGGDDDGGGGGGGGGGGGG
GGGGGGGGGGGGDDDGGGGGGGGGGGGG
GGGGGGGGGGGGDDDGGGGGGGGGGGGG
GGGGGGGGGGGGDDDGGGGGGGGGGGGG
GGGGGGGGGGGGDDDGGGGGGGGGGGGG
GGGGGGGGGGGGDDDGGGGGGGGGGGGG
[OVER]
............................
............................
............................
............................
............................
............................
............................
............................
............................
............................
.................ssssss.....
.................ssssss.....
............................
............................
............................
............................
............................
............................
............................
............................
............................
............................
............................
............................
[ENTITY]
