1_1.map
[RSC]
G ground.png
D dirt.png

[AT]
............................
............................
............................
............................
............................
............................
............................
............................
............................
............................
............................
............................
............................
............................
............................
............................
............................
............................
............................
............................
............................
............................
............................
............................

[UNDER]
GGGGGGGGGGGGDDDGGGGGGGGGGGGG
GGGGGGGGGGGGDDDGGGGGGGGGGGGG
GGGGGGGGGGGGDDDGGGGGGGGGGGGG
GGGGGGGGGGGGDDDGGGGGGGGGGGGG
GGGGGGGGGGGGDDDGGGGGGGGGGGGG
GGGGGGGGGGGGDDDGGGGGGGGGGGGG
GGGGGGGGGGGGDDDGGGGGGGGGGGGG
GGGGGGGGGGGGDDDGGGGGGGGGGGGG
GGGGGGGGGGGGDDDGGGGGGGGGGGGG
GGGGGGGGGGGGDDDGGGGGGGGGGGGG
GGGGGGGGGGGGDDDGGGGGGGGGGGGG
GGGGGGGGGGGGDDDGGGGGGGGGGGGG
GGGGGGGGGGGGDDDGGGGGGGGGGGGG
GGGGGGGGGGGGDDDGGGGGGGGGGGGG
GGGGGGGGGGGGDDDGGGGGGGGGGGGG
GGGGGGGGGGGGDDDGGGGGGGGGGGGG
GGGGGGGGGGGGDDDGGGGGGGGGGGGG
GGGGGGGGGGGGDDDGGGGGGGGGGGGG
GGGGGGGGGGGGDDDGGGGGGGGGGGGG
GGGGGGGGGGGGDDDGGGGGGGGGGGGG
GGGGGGGGGGGGDDDGGGGGGGGGGGGG
GGGGGGGGGGGGDDDGGGGGGGGGGGGG
GGGGGGGGGGGGDDDGGGGGGGGGGGGG
GGGGGGGGGGGGDDDGGGGGGGGGGGGG

[ENTITY]
skeleton skeleton.png 0,0
