1_3.map
[RSC]
G ground.png
D dirt.png

[AT]
............................
............................
............................
............................
............................
............................
............................
............................
............................
............................
............................
............................
............................
............................
............................
............................
............................
............................
............................
............................
............................
............................
............................
............................

[UNDER]
GGGGGGGGGGGGDDDGGGGGGGGGGGGG
GGGGGGGGGGGGDDDGGGGGGGGGGGGG
GGGGGGGGGGGGDDDGGGGGGGGGGGGG
GGGGGGGGGGGGDDDGGGGGGGGGGGGG
GGGGGGGGGGGGDDDGGGGGGGGGGGGG
GGGGGGGGGGGGDDDGGGGGGGGGGGGG
GGGGGGGGGGGGDDDGGGGGGGGGGGGG
GGGGGGGGGGGGDDDGGGGGGGGGGGGG
GGGGGGGGGGGGDDDGGGGGGGGGGGGG
GGGGGGGGGGGGDDDGGGGGGGGGGGGG
GGGGGGGGGGGGDDDGGGGGGGGGGGGG
GGGGGGGGGGGGDDDGGGGGGGGGGGGG
GGGGGGGGGGGGDDDDDDDDDDDDDDDD
GGGGGGGGGGGGDDDDDDDDDDDDDDDD
GGGGGGGGGGGGDDDDDDDDDDDDDDDD
GGGGGGGGGGGGGGGGGGGGGGGGGGGG
GGGGGGGGGGGGGGGGGGGGGGGGGGGG
GGGGGGGGGGGGGGGGGGGGGGGGGGGG
GGGGGGGGGGGGGGGGGGGGGGGGGGGG
GGGGGGGGGGGGGGGGGGGGGGGGGGGG
GGGGGGGGGGGGGGGGGGGGGGGGGGGG
GGGGGGGGGGGGGGGGGGGGGGGGGGGG
GGGGGGGGGGGGGGGGGGGGGGGGGGGG
GGGGGGGGGGGGGGGGGGGGGGGGGGGG

[ENTITY]
skeleton skeleton.png 0,0
