3_0.map
[RSC]
G grass.png
M mountain.png
D dirt.png
[AT]
............MMM.............
............MMM.............
............MMM.............
............MMM.............
............MMM.............
............MMM.............
............MMM.............
............MMM.............
............MMM.............
............MMM.............
............MMM.............
............MMM.............
............MMM.............
............MMM.............
............MMM.............
............MMM.............
............MMM.............
............MMM.............
............MMM.............
............MMM.............
............MMM.............
............MMM.............
............MMM.............
............MMM.............
[UNDER]
GGGGGGGGGGGGMMMDDDDDDDDDDDDD
GGGGGGGGGGGGMMMDDDDDDDDDDDDD
GGGGGGGGGGGGMMMDDDDDDDDDDDDD
GGGGGGGGGGGGMMMDDDDDDDDDDDDD
GGGGGGGGGGGGMMMDDDDDDDDDDDDD
GGGGGGGGGGGGMMMDDDDDDDDDDDDD
GGGGGGGGGGGGMMMDDDDDDDDDDDDD
GGGGGGGGGGGGMMMDDDDDDDDDDDDD
GGGGGGGGGGGGMMMDDDDDDDDDDDDD
GGGGGGGGGGGGMMMDDDDDDDDDDDDD
GGGGGGGGGGGGMMMDDDDDDDDDDDDD
GGGGGGGGGGGGMMMDDDDDDDDDDDDD
GGGGGGGGGGGGMMMDDDDDDDDDDDDD
GGGGGGGGGGGGMMMDDDDDDDDDDDDD
GGGGGGGGGGGGMMMDDDDDDDDDDDDD
GGGGGGGGGGGGMMMDDDDDDDDDDDDD
GGGGGGGGGGGGMMMDDDDDDDDDDDDD
GGGGGGGGGGGGMMMDDDDDDDDDDDDD
GGGGGGGGGGGGMMMDDDDDDDDDDDDD
GGGGGGGGGGGGMMMDDDDDDDDDDDDD
GGGGGGGGGGGGMMMDDDDDDDDDDDDD
GGGGGGGGGGGGMMMDDDDDDDDDDDDD
GGGGGGGGGGGGMMMDDDDDDDDDDDDD
GGGGGGGGGGGGMMMDDDDDDDDDDDDD
[ENTITY]
