The (4,0) position in the world map
[RSC]
G ground.png
O water.png
S sand.png
s sand.png 'Change back to halfsand.png when such file exists
[AT]
.......OOOOOOOOOOOOOOOOOOOOO
.......OOOOOOOOOOOOOOOOOOOOO
.......OOOOOOOOOOOOOOOOOOOOO
.......OOOOOOOOOOOOOOOOOOOOO
.......OOOOOOOOOOOOOOOOOOOOO
.......OOOOOOOOOOOOOOOOOOOOO
.......OOOOOOOOOOOOOOOOOOOOO
.......OOOOOOOOOOOOOOOOOOOOO
.......OOOOOOOOOOOOOOOOOOOOO
.......OOOOOOOOOOOOOOOOOOOOO
.......OOOOOOOOOOOOOOOOOOOOO
.......OOOOOOOOOOOOOOOOOOOOO
.......OOOOOOOOOOOOOOOOOOOOO
.......OOOOOOOOOOOOOOOOOOOOO
.......OOOOOOOOOOOOOOOOOOOOO
.......OOOOOOOOOOOOOOOOOOOOO
.......OOOOOOOOOOOOOOOOOOOOO
.......OOOOOOOOOOOOOOOOOOOOO
.......OOOOOOOOOOOOOOOOOOOOO
.......OOOOOOOOOOOOOOOOOOOOO
.......OOOOOOOOOOOOOOOOOOOOO
.......OOOOOOOOOOOOOOOOOOOOO
.......OOOOOOOOOOOOOOOOOOOOO
.......OOOOOOOOOOOOOOOOOOOOO
[UNDER]
GGGGGSSS....................
GGGGGSSS....................
GGGGGSSS....................
GGGGGSSS....................
GGGGGSSS....................
GGGGGSSS....................
GGGGGSSS....................
GGGGGSSS....................
GGGGGSSS....................
GGGGGSSS....................
GGGGGSSS....................
GGGGGSSS....................
GGGGGSSS....................
GGGGGSSS....................
GGGGGSSS....................
GGGGGSSS....................
GGGGGSSS....................
GGGGGSSS....................
GGGGGSSS....................
GGGGGSSS....................
GGGGGSSS....................
GGGGGSSS....................
GGGGGSSS....................
GGGGGSSS....................
[ENTITY]
