The (4,1) position in the map grid
[RSC]
O water.png
S sand.png
B waterWithStone.png
G grass.png
[AT]
.......OOOOOOOOOOOOOOOOOOOOO
.......OOOOOOOOOOOOOOOOOOOOO
.......OOOOOOOOOOOOOOOOOOOOO
.......OOOOOOOOOOOOOOOOOOOOO
.......OOOOOOOOOOOOOOOOOOOOO
.......OOOOOOOOOOOOOOOOOOOOO
.......OOOOOOOOOOOOOOOOOOOOO
.......OOOOOOOOOOOOOOOOOOOOO
.......OOOOOOOOOOOOOOOOOOOOO
.......OOOOOOOOOOOOOOOOOOOOO
.......OOOOOOOOOOOOOOOOOOOOO
.......OOOOOOOOOOOOOOOOOOOOO
.......OOOOOOOOOOOOOOOOOOOOO
.......OOOOOOOOOOOOOOOOOOOOO
.......OOOOOOOOOOOOOOOOOOOOO
..........OOOOOOOOOOOOOO....
..........OOOOOOOOOOO.......
...........OOOOOOO........OO
.......................OOOOO
....................OOOOOOOO
............OOOOOOOOOOOOOOOO
.............OOOOOOOOOOOOOOO
.................OOOOOOOOOOO
....................OOOOOOOO
[UNDER]
GGGGGSSS....................
GGGGGSSS....................
GGGGGSSS....................
GGGGGSSS....................
GGGGGSSS....................
GGGGGSSS....................
GGGGGSSS....................
GGGGGSSS....................
GGGGGSSS....................
GGGGGSSS....................
GGGGGSSS....................
GGGGGSSS....................
GGGGGSSS....................
GGGGGSSS....................
GGGGGSSS....................
GGGGGGGSSS..............BBBB
GGGGGGGSSS...........BBBBBBB
GGGGGGGGSSS.......BBBBBBBB..
GGGGGGGGSSSBBBBBBBBBBBB.....
GGGGGGGGGSSSBBBBBBBB........
GGGGGGGGGSSS................
GGGGGGGGGGSSS...............
GGGGGGGGGGSSSSSSS...........
GGGGGGGGGGGGSSSSSSSS........
[ENTITY]
