Tile4_4
[RSC]
M rockyMountain.png
G grass.png
[AT]
............................
............................
...MMMMMMMMMMMM.............
..MMMMMMMMMMMMMMMMM.........
..MMMMMMMMMMMMMMMMMMMMMM....
..MMMMMMMMMMMMMMMMMMMMMMMMMM
..MMMMMMMMMMMMMMMMMMMMMMMMMM
..MMMMMMMMMMMMMMMMMMMMMMMMMM
..MMMMMMMMMMMMMMMMMMMMMMMMMM
..MMMMMMMMMMMMMMMMMMMMMMMMMM
..MMMMMMMMMMMMMMMMMMMMMMMMMM
..MMMMMMMMMMMMMMMMMMMMMMMMMM
..MMMMMMMMMMMMMMMMMMMMMMMMMM
..MMMMMMMMMMMMMMMMMMMMMMMMMM
..MMMMMMMMMMMMMMMMMMMMMMMMMM
..MMMMMMMMMMMMMMMMMMMMMMMMMM
..MMMMMMMMMMMMMMMMMMMMMMMMMM
..MMMMMMMMMMMMMMMMMMMMMMMMMM
..MMMMMMMMMMMMMMMMMMMMMMMMMM
..MMMMMMMMMMMMMMMMMMMMMMMMMM
.MMMMMMMMMMMMMMMMMMMMMMMMMMM
.MMMMMMMMMMMMMMMMMMMMMMMMMMM
.MMMMMMMMMMMMMMMMMMMMMMMMMMM
.MMMMMMMMMMMMMMMMMMMMMMMMMMM
[UNDER]
GGGGGGGGGGGGGGGGGGGGGGGGGGGG
GGGGGGGGGGGGGGGGGGGGGGGGGGGG
GGG............GGGGGGGGGGGGG
GG.................GGGGGGGGG
GG......................GGGG
GG..........................
GG..........................
GG..........................
GG..........................
GG..........................
GG..........................
GG..........................
GG..........................
GG..........................
GG..........................
GG..........................
GG..........................
GG..........................
GG..........................
GG..........................
G...........................
G...........................
G...........................
G...........................
[ENTITY]
