4-5
[RSC]
M rockyMountain.png
G grass.png
g grassDead.png

[AT]
.MMMMMMMMMMMMMMMMMMMMMMMMMMM
.MMMMMMMMMMMMMMMMMMMMMMMMMMM
.MMMMMMMMMMMMMMMMMMMMMMMMMMM
.MMMMMMMMMMMMMMMMMMMMMMMMMMM
.MMMMMMMMMMMMMMMMMMMMMMMMMMM
.MMMMMMMMMMMMMMMMMMMMMMMMMMM
.MMMMMMMMMMMMMMMMMMMMMMMMMMM
.MMMMMMMMMMMMMMMMMMMMMMMMMMM
.MMMMMMMMMMMMMMMMMMMMMMMMMMM
............................
............................
.MMMMMMMMMMMMMMMMMMMMMMMMMMM
.MMMMMMMMMMMMMMMMMMMMMMMMMMM
.MMMMMMMMMMMMMMMMMMMMMMMMMMM
.MMMMMMMMMMMMMMMMMMMMMMMMMMM
.MMMMMMMMMMMMMMMMMMMMMMMMMMM
.MMMMMMMMMMMMMMMMMMMMMMMMMMM
.MMMMMMMMMMMMMMMMMMMMMMMMMMM
.MMMMMMMMMMMMMMMMMMMMMMMMMMM
.MMMMMMMMMMMMMMMMMMMMMMMMMMM
.MMMMMMMMMMMMMMMMMMMMMMMMMMM
.MMMMMMMMMMMMMMMMMMMMMMMMMMM
.MMMMMMMMMMMMMMMMMMMMMMMMMMM
.MMMMMMMMMMMMMMMMMMMMMMMMMMM

[UNDER]
GGGGGGGGGGGGGGGGGGGggggggggg
GGGGGGGGGGGGGGGGgggggggggggg
GGGGGGGGGGGGGGGGGGGGGGGGGGGG
GGGGGGGGGGGGGGGGGGGGGGGGGGGG
GGGGGGGGGGGGGGGGGGGGGGGGGGGG
GGGGGGGGGGGGGGGGGGGGGGGGGGGG
GGGGGGGGGGGGGGGGGGGGGGGGGGGG
GGGGGGGGGGGGGGGGGGGGGGGGGGGG
GGGGGGGGGGGGGggggggggggggggg
GGGGGGGGGGGGGGGGGGgggggggggg
GGGGGGGGGGGGGGGggggggggggggg
GGGGGGGGGGGGGGGGGGGGGGgggggg
GGGGGGGGGGGGGGGGGGGGGGGGGGGG
GGGGGGGGGGGGGGGGGGGGGGGGGGGG
GGGGGGGGGGGGGGGGGGGGGGGGGGGG
GGGGGGGGGGGGGGGGGGGGGGGGGGGG
GGGGGGGGGGGGGGGGGGGGGGGGGGGG
GGGGGGGGGGGGGGGGGGGGGGGGGGGG
GGGGGGGGGGGGGGGGGGGGGGGGGGGG
GGGGGGGGGGGGGGGGGGGGGGGGGGGG
GGGGGGGGGGGGGGGGGGGGGGGGGGGG
GGGGGGGGGGGGGGGGGGGGGGGGGGGG
GGGGGGGGGGGGGGGGGGGGGGGGGGGG
GGGGGGGGGGGGGGGGGGGGGGGGGGGG

[ENTITY]
