The (5,1) position in the map grid
[RSC]
O water.png
S sand.png
B waterWithStone.png
G grass.png
[AT]
OOOOOOOOOOOOOOOOOOOOOOOOOOOO
OOOOOOOOOOOOOOOOOOOOOOOOOOOO
OOOOOOOOOOOOOOOOOOOOOOOOOOOO
OOOOOOOOOOOOOOOOOOOOOOOOOOOO
OOOOOOOOOOOOOOOOOOOOOOOOOOOO
OOOOOOOOOOOOOOOOOOOOOOOOOOOO
OOOOOOOOOOOOOOOOOOOOOOOOOOOO
OOOOOOOOOOOOOOOOOOOOOOOOOOOO
OOOOOOOOOOOOOOOOOOOOOOOOOOOO
OOOOOOOOOOOOOOOOOOOOOOOOOOOO
OOOOOOOOOOOOOOOOOOOOOOOOOOOO
OOOOOOOOOOOOOOOOOOOOOOOOOOOO
OOOOOOOOOOOOOOOOOOOOOOOOOOOO
OOOOOOOOOOOOOOOOOOOO........
OOOOOOOOOOOOOOOOOOO.........
.....................OOOOOOO
....................OOOOOOOO
OOOOOOOOOOOOOOOOOOOOOOOOOOOO
OOOOOOOOOOOOOOOOOO..........
OOOOOOOOOOOOOOOO............
OOOOOOOOOOOOOO..............
OOOOOOOOOOOO................
OOOOOOOOOOO.................
OOOOOOOOOO..................
[UNDER]
............................
............................
............................
............................
............................
............................
............................
............................
............................
............................
............................
............................
............................
....................BBBBBBBB
...................BBBBBBBBB
BBBBBBBBBBBBBBBBBBBBB.......
BBBBBBBBBBBBBBBBBBBB........
............................
..................SSSSSSSSSS
................SSSSSSSSSSSS
..............SSSSSSSSSSSSSS
............SSSGGGGGGGGGGGGG
...........SSSGGGGGGGGGGGGGG
..........SSSGGGGGGGGGGGGGGG
[ENTITY]