5_5.map
[RSC]
G grassDead.png
M rocks.png
# waterToxic.png
[AT]
MMMMMMMMMMMMMMMMMMMMMMMMMMMM
MMMMMMMMMMMMMMMMMMMMMMMMMMMM
MM##########################
MM##########################
MM##########################
MM##########################
MM##########################
MM##########################
MM##########################
MM##########################
MM##########################
MM##########################
MM##########################
MM##########################
MM##########################
MM##########################
MM##########################
MM##########################
MM##########################
MM##########################
MM###################.......
MM###################.......
MM###################.......
MM###################.......
[UNDER]
MMMMMMMMMMMMMMMMMMMMMMMMMMMM
MMMMMMMMMMMMMMMMMMMMMMMMMMMM
MM##########################
MM##########################
MM##########################
MM##########################
MM##########################
MM##########################
MM##########################
MM##########################
MM##########################
MM##########################
MM##########################
MM##########################
MM##########################
MM##########################
MM##########################
MM##########################
MM##########################
MM##########################
MM###################GGGGGGG
MM###################GGGGGGG
MM###################GGGGGGG
MM###################GGGGGGG
[ENTITY]




















