5_6.map
[RSC]
G grassDead.png
M rocks.png
# ocean.png
[AT]
MM###################.......
MM###################.......
MM###################.......
MM###################.......
MM###################.......
MM###################.......
MM###################.......
MM###################.......
MM##########################
MM##########################
MM##########################
MM##########################
MM##########################
MM##########################
MM##########################
MM..########################
MM..########################
MM...#######################
MM...#######################
MM....######################
MM..........................
MM..........................
MMMMMMMMMMMMMM..............
MMMMMMMMMMMMMM..............
[UNDER]
MM###################GGGGGGG
MM###################GGGGGGG
MM###################GGGGGGG
MM###################GGGGGGG
MM###################GGGGGGG
MM###################GGGGGGG
MM###################GGGGGGG
MM###################GGGGGGG
MM##########################
MM##########################
MM##########################
MM##########################
MM##########################
MM##########################
MM##########################
MMGG########################
MMGG########################
MMGGG#######################
MMGGG#######################
MMGGGG######################
MMGGGGGGGGGGGGGGGGGGGGGGGGGG
MMGGGGGGGGGGGGGGGGGGGGGGGGGG
MMMMMMMMMMGGGGGGGGGGGGGGGGGG
MMMMMMMMMMGGGGGGGGGGGGGGGGGG
[ENTITY]




















