The (6,1) position in the map grid
[RSC]
O water.png
S sand.png
B waterWithStone.png
G grass.png
[AT]
..........................OO
.........................OOO
......................OOOOOO
....................OOOOOOOO
...................OOOOOOOOO
..................OOOOOOOOOO
.................OOOOOOOOOOO
................OOOOOOOOOOOO
...............OOOOOOOOOOOOO
..............OOOOOOOOOOOOOO
.............OOOOOOOOOOOOOOO
O...........OOOOOOOOOOOOOOOO
OO.........OOOOOOOOOOOOOOOOO
..........OOOOOOOOOOOOOOOOOO
..........OOOOOOOOOOOOOOOOOO
OOO......OOOOOOOOOOOOOOOOOOO
OOOO....OOOOOOOOOOOOOOOOOOOO
OOOOOOOOOOOOOOOOOOOOOOOOOOOO
............OOOOOOOOOOOOOOOO
..............OOOOOOOOOOOOOO
................OOOOOOOOOOOO
.................OOOOOOOOOOO
..................OOOOOOOOOO
...................OOOOOOOOO
[UNDER]
SSSSSSSSSSSSSSSSSSSSSSSSSS..
SSSSSSSSSSSSSSSSSSSSSSSSS...
SSSSSSSSSSSSSSSSSSSSSS......
SSSSSSSSSSSSSSSSSSSS........
SSSSSSSSSSSSSSSSSSS.........
SSSSSSSSSSSSSSSSSS..........
SSSSSSSSSSSSSSSSS...........
SSSSSSSSSSSSSSSS............
SSSSSSSSSSSSSSS.............
SSSSSSSSSSSSSS..............
SSSSSSSSSSSSS...............
.SSSSSSSSSSS................
..SSSSSSSSS.................
BBSSSSSSSS..................
BBSSSSSSSS..................
...SSSSSS...................
....SSSS....................
............................
SSSSSSSSSSSS................
SSSSSSSSSSSSSS..............
SSSSSSSSSSSSSSSS............
GGGGGGGGGGGGGGSSS...........
GGGGGGGGGGGGGGGSSS..........
GGGGGGGGGGGGGGGGSSS.........
[ENTITY]