6_5.map
[RSC]
G grassDead.png
M rocks.png
# waterToxic.png
S waterToxicWithStone.png
[AT]
MMMMMMMMMMMMMMMMMMMMMMMMMMMM
MMMMMMMMMMMMMMMMMMMMMMMMMMMM
############################
############################
############################
############################
############################
############################
############################
############################
############################
############################
############################
####################........
####################.#######
####################.#######
####################.#######
####################.#######
####################.#######
####################.#######
............................
............................
............................
............................
[UNDER]
MMMMMMMMMMMMMMMMMMMMMMMMMMMM
MMMMMMMMMMMMMMMMMMMMMMMMMMMM
############################
############################
############################
############################
############################
############################
############################
############################
############################
############################
############################
####################SSSSSSSS
####################S#######
####################S#######
####################S#######
####################S#######
####################S#######
####################S#######
GGGGGGGGGGGGGGGGGGGGGGGGGGGG
GGGGGGGGGGGGGGGGGGGGGGGGGGGG
GGGGGGGGGGGGGGGGGGGGGGGGGGGG
GGGGGGGGGGGGGGGGGGGGGGGGGGGG
[ENTITY]
