The (7,1) position in the map grid
[RSC]
O water.png
S sand.png
B waterWithStone.png
G grass.png
t treeTop.png
b treeBottom.png
M mountain.png
[AT]
OOOOOOOOOOOOOOOOOOOOOOOOOOOO
OOOOOOOOOOOOOO..............
OOOOOOOOOOOOO...............
OOOOOOOOOOO.................
OOOOOOOOO...................
OOOOOOOO....................
OOOOOOOOO...................
OOOOOOOOOO..................
OOOOOOOOOOO.....b...........
OOOOOOOOOOOO..............MM
OOOOOOOOOOOO.............MMM
OOOOOOOOOOO.............MMMM
OOOOOOOOOOO.............MMMM
OOOOOOOOOO..........b..MMMMM
OOOOOOOOOO.............MMMMM
OOOOOOOOOO............MMMMMM
OOOOOOOOOO............MMMMMM
OOOOOOOOOO......b.......MMMM
OOOOOOOOOOO..............MMM
OOOOOOOOOOOO..............MM
OOOOOOOOOOOOO...............
OOOOOOOOOOOOOO.......b......
OOOOOOOOOOOOOOO............M
OOOOOOOOOOOOOOOO...........M
[UNDER]
............................
..............SSSSSSSSSSSSSS
.............SSSSSSSSSSSSSSS
...........SSSSSSSSSSSSSSSSS
.........SSSGGGGGGGGGGGGGGGG
........SSSGGGGGGGGGGGGGGGGG
.........SSSGGGGGGGGGGGGGGGG
..........SSSGGGGGGGGGGGGGGG
...........SSSGGGGGGGGGGGGGG
............SSSGGGGGGGGGGG..
............SSSGGGGGGGGGG...
...........SSSGGGGGGGGGG....
...........SSSGGGGGGGGGG....
..........SSSGGGGGGGGGG.....
..........SSSGGGGGGGGGG.....
..........SSSGGGGGGGGG......
..........SSSGGGGGGGGG......
..........SSSGGGGGGGGGGG....
...........SSSGGGGGGGGGGGG..
............SSSGGGGGGGGGGGGG
.............SSSGGGGGGGGGGGG
..............SSSGGGGGGGGGGG
...............SSSGGGGGGGGGG
................SSSGGGGGGGGG
[OVER]

............................
............................
............................
............................
............................
............................
............................
................t...........
............................
............................
............................
............................
....................t.......
............................
............................
............................
................t...........
............................
............................
............................
.....................t......
............................
............................
............................
[ENTITY]
skeleton skeletonDown.png 608 320
skeleton skeletonDown.png 640 352
