Tile7_2
[RSC]
s sand.png
O water.png
[AT]
OOOOOOOOOOOOOOOOOOOOOO......
OOOOOOOOOO......OOOOOOOO....
OOOOOO...........OOOOOOOO...
OOO...............OOOOOOOOO.
OOO.................OOOOOOOO
OO...................OOOOOOO
O.....................OOOOOO
O........................OOO
OO.......................OOO
OO......................OOOO
OOO....................OOOOO
OOOO...................OOOOO
OOOO...................OOOOO
OOOO..................OOOOOO
OOOOO.................OOOOOO
OOOOO...................OOOO
OOOOOO..................OOOO
OOOOOOO.............OO...OOO
OOOOOOOOO.........OOOOO...OO
OOOOOOOOOOOOOOOOOOOOOOOO....
OOOOOOOOOOOOOOOOOOOOOOOOO...
OOOOOOOOOOOOOOOOOOOOOOOOOOOO
OOOOOOOOOOOOOOOOOOOOOOOOOOOO
OOOOOOOOOOOOOOOOOOOOOOOOOOOO
[UNDER]
......................ssssss
..........ssssss........ssss
......sssssssssss........sss
...sssssssssssssss.........s
...sssssssssssssssss........
..sssssssssssssssssss.......
.sssssssssssssssssssss......
.ssssssssssssssssssssssss...
..sssssssssssssssssssssss...
..ssssssssssssssssssssss....
...ssssssssssssssssssss.....
....sssssssssssssssssss.....
....sssssssssssssssssss.....
....ssssssssssssssssss......
.....sssssssssssssssss......
.....sssssssssssssssssss....
......ssssssssssssssssss....
.......sssssssssssss..sss...
.........sssssssss.....sss..
........................ssss
.........................sss
...........................s
............................
............................
[ENTITY]
skeleton skeletonDown.png 320 320
skeleton2 skeletonDown.png 384 320