Tile7_2
[RSC]
M rockyMountain.png
s sand.png
O water.png
[AT]
OOOOOOOOOOOOOOOO...........M
OOOOOOOOOO...OOOO...........
OOOOOO........OOOOOOOOOOO...
OOO............OOOOOOOOOOOO.
OOO.................OOOOOOOO
OO...................OOOOOOO
O.....................OOOOOO
O........................OOO
OO.......................OOO
OO......................OOOO
OOO....................OOOOO
OOOO...................OOOOO
OOOO...................OOOOO
OOOO..................OOOOOO
OOOOO.................OOOOOO
OOOOO...................OOOO
OOOOOO..................OOOO
OOOOOOO.............OO...OOO
OOOOOOOOO.........OOOOO...OO
OOOOOOOOOOOOOOOOOOOOOOOO...O
OOOOOOOOOOOOOOOOOOOOOOOOO...
OOOOOOOOOOOOOOOOOOOOOOOOOO..
OOOOOOOOOOOOOOOOOOOOOOOOOOOO
OOOOOOOOOOOOOOOOOOOOOOOOOOOO
[UNDER]
................ssssssssssss
..........ssssss.sssssssssss
......sssssssssss..sssssssss
ssssssssssssssssssssssssssss
ssssssssssssssssssssssssssss
ssssssssssssssssssssssssssss
ssssssssssssssssssssssssssss
ssssssssssssssssssssssssssss
ssssssssssssssssssssssssssss
ssssssssssssssssssssssssssss
ssssssssssssssssssssssssssss
ssssssssssssssssssssssssssss
ssssssssssssssssssssssssssss
ssssssssssssssssssssssssssss
ssssssssssssssssssssssssssss
ssssssssssssssssssssssssssss
ssssssssssssssssssssssssssss
ssssssssssssssssssssssssssss
ssssssssssssssssssssssssssss
ssssssssssssssssssssssssssss
ssssssssssssssssssssssssssss
ssssssssssssssssssssssssssss
............................
............................
[ENTITY]
skeleton skeletonDown.png 320 320
skeleton2 skeletonDown.png 384 320
