75.map
[RSC]
G grassDead.png
M rocks.png
# waterToxic.png
S waterToxicWithStone.png
% wall.png
[AT]
MMMMMMMMMMMMMMMMMMMMMMMMMMMM
MMMMMMMMMMMMMMMMMMMMMMMMMMMM
#####################......%
#####################......%
#####################......%
#####################......%
#####################......%
#####################......%
#####################......%
#####################......%
#####################.......
#####################.......
#####################......%
...........................%
#####################......%
#####################......%
#####################......%
#####################......%
#####################......%
#####################......%
....#################......%
....#################......%
....#################......%
....#################......%
[UNDER]
MMMMMMMMMMMMMMMMMMMMMMMMMMMM
MMMMMMMMMMMMMMMMMMMMMMMMMMMM
#####################GGGGGGG
#####################GGGGGGG
#####################GGGGGGG
#####################GGGGGGG
#####################GGGGGGG
#####################GGGGGGG
#####################GGGGGGG
#####################GGGGGGG
#####################GGGGGGG
#####################GGGGGGG
#####################GGGGGGG
SSSSSSSSSSSSSSSSSSSSSGGGGGGG
#####################GGGGGGG
#####################GGGGGGG
#####################GGGGGGG
#####################GGGGGGG
#####################GGGGGGG
#####################GGGGGGG
GGGG#################GGGGGGG
GGGG#################GGGGGGG
GGGG#################GGGGGGG
GGGG#################GGGGGGG
[ENTITY]
