The (8,1) position in the map grid
[RSC]
O water.png
S sand.png
B waterWithStone.png
G grass.png
M rockyMountain.png
t treeTop.png
b treeBottom.png
[AT]
OOOOOOOOOOOOOOOOOOOOOOOOOOOO
.............OOOOOOOOOOOOOOO
............................
............................
............................
............................
.........b..................
...b...............b........
............................
MMMMMMMMMMMMM...............
MMMMMMMMMMMMMMMMMMMMMMMMMMMM
MMMMMMMMMMMMMMMMMMMMMMMMMMMM
MMMMMMMMMMMMMMMMMMMMMMMMMMMM
MMMMMMMMMMMMMMMMMMMMMMMMMMMM
MMMMMMMMMMMMMMMMMMMMMMMMMMMM
MMMMMMMMMMMM......MMMMMMMMMM
MMMMMMMMMMMM......MMMMMMMMMM
MMMMMM............MMMMMMMMMM
MMMMMM..MMMM......MMMMMMMMMM
MMMMM...MMMM......MMMMMMMMMM
..MM...MMMMMMMMMMMMMMMMMMMMM
......MMMMMMMMMMMMMMMMMMMMMM
MMMMMMMMMMMMMMMMMMMMMMMMMMMM
MMMMMMMMMMMMMMMMMMMMMMMMMMMM
[UNDER]
............................
SSSSSSSSSSSSS...............
SSSSSSSSSSSSSSSSSSSSSSSSSSSS
SSSSSSSSSSSSSSSSSSSSSSSSSSSS
GGGGGGGGGGGGGSSSSSSSSSSSSSSS
GGGGGGGGGGGGGGGGGGGGGGGGGGGG
GGGGGGGGGGGGGGGGGGGGGGGGGGGG
GGGGGGGGGGGGGGGGGGGGGGGGGGGG
GGGGGGGGGGGGGGGGGGGGGGGGGGGG
.............GGGGGGGGGGGGGGG
............................
............................
............................
GGGGGGGGGGGGGGGGGGGGGGGGGGGG
GGGGGGGGGGGGGGGGGGGGGGGGGGGG
GGGGGGGGGGGGGGGGGGGGGGGGGGGG
GGGGGGGGGGGGGGGGGGGGGGGGGGGG
GGGGGGGGGGGGGGGGGGGGGGGGGGGG
GGGGGGGGGGGGGGGGGGGGGGGGGGGG
GGGGGGGGGGGGGGGGGGGGGGGGGGGG
GGGGGGGGGGGGGGGGGGGGGGGGGGGG
GGGGGGGGGGGGGGGGGGGGGGGGGGGG
GGGGGGGGGGGGGGGGGGGGGGGGGGGG
GGGGGGGGGGGGGGGGGGGGGGGGGGGG
[OVER]

............................
............................
............................
............................
............................
.........t..................
...t...............t........
............................
............................
............................
............................
............................
............................
............................
............................
............................
............................
............................
............................
............................
............................
............................
............................
............................
[ENTITY]
