Tile8_3
[RSC]
G grass.png
s sand.png
O water.png
[AT]
OOOOO..................OOOOO
OOOOOO................OOOOOO
OOOOOOOO............OOOOOOOO
.OOOOOOOOOO.......OOOOOOOOOO
..OOOOOOOOOOOOOOOOOOOOOOOOOO
...OOOOOOOOOOOOOOOOOOOOOOOOO
....OOOOOOOOOOOOOOOOOOOOOOOO
....OOOOOOOOOOOOOOOOOOOOOOOO
.....OOOOOOOOOOOOOOOOOOOOOOO
......OOOOOOOOOOOOOOOOOOOOOO
.......OOOOOOOOOOOOOOOOOOOOO
.......OOOOOOOOOOOOOOOOOOOOO
.......OOOOOOOOOOOOOOOOOOOOO
........OOOOOOOOOOOOOOOOOOOO
.........OOOOOOOOOOOOOOOOOOO
..........OOOOOOOOOOOOOOOOOO
............OOOOOOOOOOOOOOOO
............OOOOOOOOOOOOOOOO
..............OOOOOOOOOOOOOO
...............OOOOOOOOOOOOO
..................OOOOOOOOOO
.....................OOOOOOO
........................OOOO
............................
[UNDER]
.....ssssssssssssssssss.....
......ssssssssssssssss......
........ssssssssssss........
s.........ssssssss..........
ss..........................
sss.........................
ssss........................
Gsss........................
GGsss.......................
GGGsss......................
GGGGsss.....................
GGGGGss.....................
GGGGGss.....................
GGGGGGss....................
GGGGGGGss...................
GGGGGGGGss..................
GGGGGGGGssss................
GGGGGGGGGGss................
GGGGGGGGGGssss..............
GGGGGGGGGGGssss.............
GGGGGGGGGGGGssssss..........
GGGGGGGGGGGGGssssssss.......
GGGGGGGGGGGGGGGsssssssss....
GGGGGGGGGGGGGGGGGsssssssssss
[ENTITY]



