Tile8_4
[RSC]
W wall.png
M rockyMountain.png
G grass.png
S sand.png
[AT]
............................
............................
............................
............................
............................
............................
MMM.........................
MMMM........................
MMMMM.......................
MMM.........................
M...........................
............................
............................
............................
............................
............................
............................
............................
............................
............................
............................
............................
MMMMM..MMMMMMMMMMMMMMMMMMMMM
MMMMM..MMMMMMMMMMMMMMMMMMMMM
[UNDER]
GGGGGGGSSSSSSSSSSSSSSSSSSSSS
GGGGGGGGSSSSSSSSSSSSSSSSSSSS
GGGGGGGGGGGSSSSSSSSSSSSSSSSS
GGGGGGGGGGGGGGGGSSSSSSSSSSGG
GGGGGGGGGGGGGGGGGGGGGGGGGGGG
GGGGGGGGGGGGGGGGGGGGGGGGGGGG
...GGGGGGGGGGGGGGGGGGGGGGGGG
....GGGGGGGGGGGGGGGGGGGGGGGG
.....GGGGGGGGGGGGGGGGGGGGGGG
...GGGGGGGGGGGGGGGGGGGGGGGGG
.GGGGGGGGGGGGGGGGGGGGGGGGGGG
GGGGGGGGGGGGGGGGGGGGGGGGGGGG
GGGGGGGGGGGGGGGGGGGGGGGGGGGG
GGGGGGGGGGGGGGGGGGGGGGGGGGGG
GGGGGGGGGGGGGGGGGGGGGGGGGGGG
GGGGGGGGGGGGGGGGGGGGGGGGGGGG
GGGGGGGGGGGGGGGGGGGGGGGGGGGG
GGGGGGGGGGGGGGGGGGGGGGGGGGGG
GGGGGGGGGGGGGGGGGGGGGGGGGGGG
GGGGGGGGGGGGGGGGGGGGGGGGGGGG
GGGGGGGGGGGGGGGGGGGGGGGGGGGG
GGGGGGGGGGGGGGGGGGGGGGGGGGGG
.....GG.....................
.....GG.....................
[ENTITY]