8-5
[RSC]
l lHedgeDead.png
b barHedgeDead.png
x xHedgeDead.png
G grassDead.png

[AT]
xbbbb..bbbbbbbbbbbbbbbbbbbbx
l..........................l
l..........................l
l..bbbbbbbbxxbbxxbbxx..ll..l
l..bbbbbbbbxxbbxxbbxx..ll..l
l..........ll..ll..ll..ll..l
l..........ll..ll..ll..ll..l
xbbxx..ll..ll..ll..ll..ll..l
xbbxx..ll..ll..ll..ll..ll..l
xbbxx..ll..ll..ll..ll..ll..l
...ll..ll..ll..............l
...ll..ll..ll..............l
l..ll..ll..xxbbbbbbbbbbbbbbx
l..ll..ll...................
l..ll..ll...................
l..ll..xxbbbbbbbbbbbbbbbbbbx
l..ll......................l
l..ll......................l
l..xxbbbbbbbbbbxxbbbbbbxx..l
l..ll..........ll......ll..l
l..ll..........ll......ll..l
l..ll......ll......ll......l
l..ll......ll......ll......l
l..ll......xxbbbbbbxxbbbbbbx

[UNDER]
GGGGGGGGGGGGGGGGGGGGGGGGGGGG
GGGGGGGGGGGGGGGGGGGGGGGGGGGG
GGGGGGGGGGGGGGGGGGGGGGGGGGGG
GGGGGGGGGGGGGGGGGGGGGGGGGGGG
GGGGGGGGGGGGGGGGGGGGGGGGGGGG
GGGGGGGGGGGGGGGGGGGGGGGGGGGG
GGGGGGGGGGGGGGGGGGGGGGGGGGGG
GGGGGGGGGGGGGGGGGGGGGGGGGGGG
GGGGGGGGGGGGGGGGGGGGGGGGGGGG
GGGGGGGGGGGGGGGGGGGGGGGGGGGG
GGGGGGGGGGGGGGGGGGGGGGGGGGGG
GGGGGGGGGGGGGGGGGGGGGGGGGGGG
GGGGGGGGGGGGGGGGGGGGGGGGGGGG
GGGGGGGGGGGGGGGGGGGGGGGGGGGG
GGGGGGGGGGGGGGGGGGGGGGGGGGGG
GGGGGGGGGGGGGGGGGGGGGGGGGGGG
GGGGGGGGGGGGGGGGGGGGGGGGGGGG
GGGGGGGGGGGGGGGGGGGGGGGGGGGG
GGGGGGGGGGGGGGGGGGGGGGGGGGGG
GGGGGGGGGGGGGGGGGGGGGGGGGGGG
GGGGGGGGGGGGGGGGGGGGGGGGGGGG
GGGGGGGGGGGGGGGGGGGGGGGGGGGG
GGGGGGGGGGGGGGGGGGGGGGGGGGGG
GGGGGGGGGGGGGGGGGGGGGGGGGGGG

[ENTITY]
