The (9,0) position in the map grid
[RSC]
O water.png
S sand.png
B waterWithStone.png
[AT]
OOOOOOOOOOOOOOOOOOOOOOOOOOOO
OOOOOOOOOOOOOOOOOOOOOOOOOOOO
OOOOOOOOOOOOOOOOOOOOOOOOOOOO
OOOOOOOOOOOOOOOOOOOOOOOOOOOO
OOOOOOOOOOOOOOOOOOOOOOOOOOOO
OOOOOOOOOOOOOOOOOOOOOOOOOOOO
OOOOOOOOOOOOOOOOOOOOOOOOOOOO
OO........OOOOOOOOOOOOOOOOOO
O............OOOOOOOOOOOOOOO
................OOOOOOOOOOOO
.................OOOOOOOOOOO
..................OOOOOOOOOO
...................OOOOOOOOO
...................OOOOOOOOO
....................OOOOOOOO
....................OOOOOOOO
....................OOOOOOOO
....................OOOOOOOO
...................OOOOOOOOO
.................OOOOOOOOOOO
.............OOOOOOOOOOOOOOO
.........OOOOOOOOOOOOOOOOOOO
OO..OOOOOOOOOOOOOOOOOOOOOOOO
OO..OOOOOOOOOOOOOOOOOOOOOOOO
[UNDER]
............................
............................
............................
............................
............................
............................
............................
..SSSSSSSS..................
.SSSSSSSSSSSS...............
SSSSSSSSSSSSSSSS............
SSSSSSSSSSSSSSSSS...........
SSSSSSSSSSSSSSSSSS..........
SSSSSSSSSSSSSSSSSSS.........
SSSSSSSSSSSSSSSSSSS.........
SSSSSSSSSSSSSSSSSSSS........
SSSSSSSSSSSSSSSSSSSS........
SSSSSSSSSSSSSSSSSSSS........
SSSSSSSSSSSSSSSSSSSS........
SSSSSSSSSSSSSSSSSSS.........
SSSSSSSSSSSSSSSSS...........
SSSSSSSSSSSSS...............
SSSSSSSSS...................
..BB........................
..BB........................
[ENTITY]