The (9,1) position in the map grid
[RSC]
O water.png
S sand.png
B waterWithStone.png
G grass.png
M rockyMountain.png
t treeTop.png
b treeBottom.png
[AT]
OO..OOOOOOOOOOOOOOOOOOOOOOOO
OO..OOOOOOOOOOOOOOOOOOOOOOOO
...........OOOOOOOOOOOOOOOOO
.............OOOOOOOOOOOOOOO
..............OOOOOOOOOOOOOO
...............OOOOOOOOOOOOO
...b...........OOOOOOOOOOOOO
.......b........OOOOOOOOOOOO
...........b.....OOOOOOOOOOO
.................OOOOOOOOOOO
MMMMMMMMMM.......OOOOOOOOOOO
MMMMMMMMMM.......OOOOOOOOOOO
MMMMMMMMMM.......OOOOOOOOOOO
MMMMMMMMMM....b..OOOOOOOOOOO
MMMMMMMMMM.......OOOOOOOOOOO
MMMMMMMMMM.......OOOOOOOOOOO
MMMMMMMMMM.......OOOOOOOOOOO
MMMMMMMMMMM.......OOOOOOOOOO
MMMMMMMMMMMM.......OOOOOOOOO
MMMMMMMMMMMMM......OOOOOOOOO
MMMMMMMMMMMMM....t.OOOOOOOOO
MMMMMMMMMMMMMM...b.OOOOOOOOO
MMMMMMMMMMMMMM.....OOOOOOOOO
MMMMMMMMMMMMMM.....OOOOOOOOO
[UNDER]
..BB........................
..BB........................
SSSSSSSSSSS.................
SSSSSSSSSSSSS...............
SSSSSSSSSSSSSS..............
GGGGGGGGGGGSSSS.............
GGGGGGGGGGGGSSS.............
GGGGGGGGGGGGGSSS............
GGGGGGGGGGGGGGSSS...........
GGGGGGGGGGGGGGSSS...........
..........GGGGSSS...........
..........GGGGSSS...........
..........GGGGSSS...........
..........GGGGSSS...........
..........GGGGSSS...........
..........GGGGSSS...........
..........GGGGSSS...........
...........GGGGSSS..........
............GGGGSSS.........
.............GGGGSSS........
.............GGGGSSS........
..............GGGGSSS.......
..............GGGGSSS.......
..............GGGGSSS.......

[OVER]
............................
............................
............................
............................
............................
...t........................
.......t....................
...........t................
............................
............................
............................
............................
..............t.............
............................
............................
............................
............................
............................
............................
............................
.................t..........
............................
............................
............................
[ENTITY]
skeleton skeletonDown.png 256 256
