Tile9_2
[RSC]
s sand.png
O water.png
M rocks.png
f dirt.png
G grass.png
t treeTop.png
b treeBottom.png
[AT]
MMMM...............OOOOOOOOO
MMM......t.........OOOOOOOOO
M........b.........OOOOOOOOO
.....t.............OOOOOOOOO
.....b.............OOOOOOOOO
........t..........OOOOOOOOO
........b..........OOOOOOOOO
...t...............OOOOOOOOO
...b...............OOOOOOOOO
...................OOOOOOOOO
...................OOOOOOOOO
...............OOOOOOOOOOOOO
...........OOOOOOOOOOOOOOOOO
OOOOOOOOOOOOOOOOOOOOOOOOOOOO
OOOOOOOOOOOOOOOOOOOOOOOOOOOO
OOOOOOOOOOOOOOOOOOOOOOOOOOOO
OOOOOOOOOOOOOOOOOOOOOOOOOOOO
OOOOOOOOOOOOOOOOOOOOOOOOO...
OOOOOOOOOOOOOOOOOOOOOOOO....
OOOOOOOOOOOOOOOOOOOOOOO.....
OOOOOOOOOOOOOOOOOOOOOO......
OOOOOOOOOOOOOOOOOOOOO.......
OOOOOOOOOOOOOOOOOOOOO.......
OOOOOOOOOOOOOOOOOOOO........
[UNDER]
....GGGGGGGGsssssss.........
...GGGGGG.GGsssssss.........
.GGGGGGGG.GGGssssss.........
GGGGG.GGGGGGGssssss.........
GGGGG.GGGGGGGssssss.........
GGGGGGGG.GGGGssssss.........
GGGGGGGG.GGGsssssss.........
GGG.GGGGGGGssssssss.........
GGG.GGGGGssssssssss.........
GGGGGGsssssssssssss.........
sssssssssssssssssss.........
sssssssssssssss.............
sssssssssss.................
............................
............................
............................
............................
.........................sss
........................ssss
.......................sssss
......................ssssss
.....................sssssss
.....................sssssss
....................ssssssss
[ENTITY]