9-8
[RSC]
# impassableRockDead.png
@ impassableRockDead.png
% snowyMountain.png
G grassDead.png

[AT]
#############..##########..#
#############..##########..#
...........##..##..........#
...........##..##..........#
#########..##..##..#########
#########..##..##..#########
...........##..##..##......#
...............##..##......#
#################..######..#
#################..######..#
@@@@@@@@@@@@@@@@@..@@@@@@..@
@..............@@..........@
@..............@@..........@
@..@@@@@@@@@@..@@@@@@@@@@@@@
%..%%%%%%%%%%..%%%%%%%%%%%%%
...%%%%%%%%%%..............%
...%%%%%%%%%%..............%
...%%%%%%%%%%%%%%%%%%..%%..%
.......................%%..%
.......................%%..%
%%%%%%%%%%%%%%%%%%%%%%%%%..%
%%%%%%.....................%
%%%%%%.....................%
%%%%%%..%%%%%%%%%%%%%%%%%%%%

[UNDER]
GGGGGGGGGGGGGGGGGGGGGGGGGGGG
GGGGGGGGGGGGGGGGGGGGGGGGGGGG
GGGGGGGGGGGGGGGGGGGGGGGGGGGG
GGGGGGGGGGGGGGGGGGGGGGGGGGGG
GGGGGGGGGGGGGGGGGGGGGGGGGGGG
GGGGGGGGGGGGGGGGGGGGGGGGGGGG
GGGGGGGGGGGGGGGGGGGGGGGGGGGG
GGGGGGGGGGGGGGGGGGGGGGGGGGGG
GGGGGGGGGGGGGGGGGGGGGGGGGGGG
GGGGGGGGGGGGGGGGGGGGGGGGGGGG
GGGGGGGGGGGGGGGGGGGGGGGGGGGG
GGGGGGGGGGGGGGGGGGGGGGGGGGGG
GGGGGGGGGGGGGGGGGGGGGGGGGGGG
GGGGGGGGGGGGGGGGGGGGGGGGGGGG
GGGGGGGGGGGGGGGGGGGGGGGGGGGG
GGGGGGGGGGGGGGGGGGGGGGGGGGGG
GGGGGGGGGGGGGGGGGGGGGGGGGGGG
GGGGGGGGGGGGGGGGGGGGGGGGGGGG
GGGGGGGGGGGGGGGGGGGGGGGGGGGG
GGGGGGGGGGGGGGGGGGGGGGGGGGGG
GGGGGGGGGGGGGGGGGGGGGGGGGGGG
GGGGGGGGGGGGGGGGGGGGGGGGGGGG
GGGGGGGGGGGGGGGGGGGGGGGGGGGG
GGGGGGGGGGGGGGGGGGGGGGGGGGGG

[ENTITY]
