2_3.map
[RSC]
G ground.png
D dirt.png
M mountain.png

[AT]
............................
............................
............................
............................
............................
............................
............................
............................
............................
............................
............................
............................
............................
............................
............................
............................
............DDDDD...........
............DDDDD...........
............DDDDD...........
............DDDDD...........
............................
............................
............................
............................

[UNDER]
GGGGGGGGGGGGGGGGGGGGGGGGGGGG
GGGGGGGGGGGGGGGGGGGGGGGGGGGG
GGGGGGGGGGGGGGGGGGGGGGGGGGGG
GGGGGGGGGGGGGGGGGGGGGGGGGGGG
GGGGGGGGGGGGGGGGGGGGGGGGGGGG
GGGGGGGGGGGGGGGGGGGGGGGGGGGG
GGGGGGGGGGGGGGGGGGGGGGGGGGGG
GGGGGGGGGGGGGGGGGGGGGGGGGGGG
GGGGGGGGGGGGGGGGGGGGGGGGGGGG
GGGGGGGGGGGGGGGGGGGGGGGGGGGG
DDDDDDDDDDDDDDDDDDDDDDDDDDDD
DDDDDDDDDDDDDDDDDDDDDDDDDDDD
DDDDDDDDDDDDDDDDDDDDDDDDDDDD
GGGGGGGGGGGGGGGGDDDGGGGGGGGG
GGGGGGGGGGGGGGGGDDDGGGGGGGGG
GGGGGGGGGGGGGGGGDDDGGGGGGGGG
GGGGGGGGGGGGGGG.....GGGGGGGG
GGGGGGGGGGGGGGG.....GGGGGGGG
GGGGGGGGGGGGGGG.....GGGGGGGG
GGGGGGGGGGGGGGG.....GGGGGGGG
GGGGGGGGGGGGGGGGGGGGGGGGGGGG
GGGGGGGGGGGGGGGGGGGGGGGGGGGG
GGGGGGGGGGGGGGGGGGGGGGGGGGGG
GGGGGGGGGGGGGGGGGGGGGGGGGGGG

[ENTITY]
