Tile4_4
[RSC]
M rockyMountain.png
G grass.png
[AT]
.....MMMM...................
.....MMMMMMM................
...MMMMMMMMMMMM.............
..MMMMMMMMMMMMMMMMM.........
..MMMMMMMMMMMMMMMMMMMMMM....
..MMMMMMMMMMMMMMMMMMMMMMMMMM
..MMMMMMMMMMMMMMMMMMMMMMMMMM
..MMMMMMMMMMMMMMMMMMMMMMMMMM
..MMMMMMMMMMMMMMMMMMMMMMMMMM
..MMMMMMMMMMMMMMMMMMMMMMMMMM
..MMMMMMMMMMMMMMMMMMMMMMMMMM
..MMMMMMMMMMMMMMMMMMMMMMMMMM
..MMMMMMMMMMMMMMMMMMMMMMMMMM
..MMMMMMMMMMMMMMMMMMMMMMMMMM
..MMMMMMMMMMMMMMMMMMMMMMMMMM
..MMMMMMMMMMMMMMMMMMMMMMMMMM
..MMMMMMMMMMMMMMMMMMMMMMMMMM
..MMMMMMMMMMMMMMMMMMMMMMMMMM
..MMMMMMMMMMMMMMMMMMMMMMMMMM
..MMMMMMMMMMMMMMMMMMMMMMMMMM
.MMMMMMMMMMMMMMMMMMMMMMMMMMM
.MMMMMMMMMMMMMMMMMMMMMMMMMMM
.MMMMMMMMMMMMMMMMMMMMMMMMMMM
.MMMMMMMMMMMMMMMMMMMMMMMMMMM
[UNDER]
GGGGG....GGGGGGGGGGGGGGGGGGG
GGGGG.......GGGGGGGGGGGGGGGG
GGG............GGGGGGGGGGGGG
GG.................GGGGGGGGG
GG......................GGGG
GG..........................
GG..........................
GG..........................
GG..........................
GG..........................
GG..........................
GG..........................
GG..........................
GG..........................
GG..........................
GG..........................
GG..........................
GG..........................
GG..........................
GG..........................
G...........................
G...........................
G...........................
G...........................
[ENTITY]