4-5
[RSC]
M rockyMountain.png
G grass.png

[AT]
.MMMMMMMMMMMMMMMMMMMMMMMMMMM
.MMMMMMMMMMMMMMMMMMMMMMMMMMM
.MMMMMMMMMMMMMMMMMMMMMMMMMMM
.MMMMMMMMMMMMMMMMMMMMMMMMMMM
.MMMMMMMMMMMMMMMMMMMMMMMMMMM
.MMMMMMMMMMMMMMMMMMMMMMMMMMM
.MMMMMMMMMMMMMMMMMMMMMMMMMMM
.MMMMMMMMMMMMMMMMMMMMMMMMMMM
.MMMMMMMMMMMMMMMMMMMMMMMMMMM
.MMMMMMMMMMMMMMMMMMMMMMMMMMM
.MMMMMMMMMMMMMMMMMMMMMMMMMMM
.MMMMMMMMMMMMMMMMMMMMMMMMMMM
.MMMMMMMMMMMMMMMMMMMMMMMMMMM
.MMMMMMMMMMMMMMMMMMMMMMMMMMM
.MMMMMMMMMMMMMMMMMMMMMMMMMMM
.MMMMMMMMMMMMMMMMMMMMMMMMMMM
.MMMMMMMMMMMMMMMMMMMMMMMMMMM
.MMMMMMMMMMMMMMMMMMMMMMMMMMM
.MMMMMMMMMMMMMMMMMMMMMMMMMMM
.MMMMMMMMMMMMMMMMMMMMMMMMMMM
.MMMMMMMMMMMMMMMMMMMMMMMMMMM
.MMMMMMMMMMMMMMMMMMMMMMMMMMM
.MMMMMMMMMMMMMMMMMMMMMMMMMMM
.MMMMMMMMMMMMMMMMMMMMMMMMMMM

[UNDER]
GGGGGGGGGGGGGGGGGGGGGGGGGGGG
GGGGGGGGGGGGGGGGGGGGGGGGGGGG
GGGGGGGGGGGGGGGGGGGGGGGGGGGG
GGGGGGGGGGGGGGGGGGGGGGGGGGGG
GGGGGGGGGGGGGGGGGGGGGGGGGGGG
GGGGGGGGGGGGGGGGGGGGGGGGGGGG
GGGGGGGGGGGGGGGGGGGGGGGGGGGG
GGGGGGGGGGGGGGGGGGGGGGGGGGGG
GGGGGGGGGGGGGGGGGGGGGGGGGGGG
GGGGGGGGGGGGGGGGGGGGGGGGGGGG
GGGGGGGGGGGGGGGGGGGGGGGGGGGG
GGGGGGGGGGGGGGGGGGGGGGGGGGGG
GGGGGGGGGGGGGGGGGGGGGGGGGGGG
GGGGGGGGGGGGGGGGGGGGGGGGGGGG
GGGGGGGGGGGGGGGGGGGGGGGGGGGG
GGGGGGGGGGGGGGGGGGGGGGGGGGGG
GGGGGGGGGGGGGGGGGGGGGGGGGGGG
GGGGGGGGGGGGGGGGGGGGGGGGGGGG
GGGGGGGGGGGGGGGGGGGGGGGGGGGG
GGGGGGGGGGGGGGGGGGGGGGGGGGGG
GGGGGGGGGGGGGGGGGGGGGGGGGGGG
GGGGGGGGGGGGGGGGGGGGGGGGGGGG
GGGGGGGGGGGGGGGGGGGGGGGGGGGG
GGGGGGGGGGGGGGGGGGGGGGGGGGGG

[ENTITY]
