Tile5_2
[RSC]
G grass.png
M rockyMountain.png
s sand.png
r rubble.png
O water.png
[AT]
OOOOOOOOOO..................
OOOOOOOOO...................
OOOOOOOO....................
OOOOOOO.....................
OOOOOO......................
OOOOO.......................
OOOO........................
............................
............................
............................
............................
............................
............................
............................
............................
............................
............................
............................
...................r.rrrrrrr
.....................r......
...................r....r...
..................r..r......
.....................r...r..
.....................r......
[UNDER]
..........sssGGGGGGGGGGGGGGG
.........sssGGGGGGGGGGGGGGGG
........sssGGGGGGGGGGGGGGGGG
.......sssGGGGGGGGGGGGGGGGGG
......sssGGGGGGGGGGGGGGGGGGG
.....sssGGGGGGGGGGGGGGGGGGGG
....sssGGGGGGGGGGGGGGGGGGGGG
ssssssGGGGGGGGGGGGGGGGGGGGGG
GGGGGGGGGGGGGGGGGGGGGGGGGGGG
GGGGGGGGGGGGGGGGGGGGGGGGGGGG
GGGGGGGGGGGGGGGGGGGGGGGGGGGG
GGGGGGGGGGGGGGGGGGGGGGGGGGGG
GGGGGGGGGGGGGGGGGGGGGGGGGGGG
GGGGGGGGGGGGGGGGGGGGGGGGGGGG
GGGGGGGGGGGGGGGGGGGGGGGGGGGG
GGGGGGGGGGGGGGGGGGGGGGGGGGGG
GGGGGGGGGGGGGGGGGGGGGGGGGGGG
GGGGGGGGGGGGGGGGGGGGGGGGGGGG
GGGGGGGGGGGGGGGGGGGGG.......
GGGGGGGGGGGGGGGGGGGGG.GGGGGG
GGGGGGGGGGGGGGGGGGGGG.GGGGGG
GGGGGGGGGGGGGGGGGGGGG.GGGGGG
GGGGGGGGGGGGGGGGGGGGG.GGGGGG
GGGGGGGGGGGGGGGGGGGGG.GGGGGG
[ENTITY]