5_7.map
[RSC]
G grassDead.png
M rocks.png
# waterToxic.png
W wall.png
R rubbleDead.png
S waterToxicWithStone.png
Q treeDyingTop.png
T treeDyingBottom.png
[AT]
MMMQMQMMMMMMMMM...WWWWWWWWWW
MM.T.T..QQ...Q......W......Q
MM......QQ.Q.Q......W......Q
MMQQQQ..QQ.Q.Q......W......Q
MMTTTT..TT.Q.T......W......Q
MM.........Q........WWWWW..T
MM...Q.....QWW..............
MM...Q.....Q....QQQQQQQQQQ..
MM...Q.....Q....TTTTTTTTTT..
MM...T.....T.............TTT
MM...WWWWWWWWWWWWWWWQ.......
MM..................T.......
MM..................QQQQQQQQ
MM###############...TTTTTTTW
MM###############...######..
MM###############...######..
MM###############...######..
MM################.#######..
MM################.#######..
MM.........Q........######..
MM.Q.......T...Q....######..
MM.T...........T............
MM..........................
MMWWWWWWWWWWWWWWWWWWWWWWWWWW
[UNDER]
MMMMMMMMMMMMMMMGGGGGGGGGGGGW
MMGGGGGGTTGGGTGGRGGGGGGGGGGT
MMGGGGGGTTGTGTGGGGGGGGGGGGGT
MMGGGGGGTTGTGTGGGGGGGGGGGGGT
MMGGGGGGTTGTGTGGGGGGGGGGGGGT
MMGGGGGGGGGTGGGGGGGGGGGGGGGG
MMGGGGGGGGGTGGGGGGGGGGGGGGGG
MMGGGTGGGGGTGGGGGGGGGGGGGGGG
MMGGGTGGGGGTGGGGGGGGGGGGGGGG
MMGGGTGGGGGTGGGGGGGGGGGGGGGG
MMGGGTGGGGGTGGGGGGGGGGGGGGGG
MMGGGGGGGGGGGGGGGGGGGGGGGGGG
MMGGGGGGGGGGGGGGGGGGGGGGGGGG
MMGGGGGGGGGGGGGGGGGGGGGGGGGG
MMGGGGGGGGGGGGGGGGGGGGGGGGGG
MMGGGGGGGGGGGGGGGGGGGGGGGGGG
MMGGGGGGGGGGGGGGGGGGGGGGGGGG
MMGGGGGGGGGGGGGGGGGGGGGGGGGG
MMGGGGGGGGGGGGGGGGGGGGGGGGGG
MMGGGGGGGGGGGGGGGGGGGGGGGGGG
MMGGGGGGGGGGGGGGGGGGGGGGGGGG
MMGGGGGGGGGGGGGGGGGGGGGGGGGG
MMGGGGGGGGGGGGGGGGGGGGGGGGGG
MMGGGGGGGGGGGGGGGGGGGGGGGGGG
[ENTITY]
Skel skeletonDown.png 512 352
Skel2 skeletonDown.png 576 352



















