Tile6_2
[RSC]
G grass.png
M rockyMountain.png
s sand.png
r rubble.png
O water.png
[AT]
....................OOOOOOOO
.....................OOOOOOO
.....................OOOOOOO
......................OOOOOO
......................OOOOOO
......................OOOOOO
.......................OOOOO
.......................OOOOO
.......................OOOOO
.......................OOOOO
........................OOOO
........................OOOO
........................OOOO
.........................OOO
.........................OOO
..........................OO
............................
............................
rrrrrr......................
.....r......................
.....r......................
.....r......................
.....r......................
.....r......................
[UNDER]
GGGGGGGGGGGGGGGGGsss........
GGGGGGGGGGGGGGGGGGsss.......
GGGGGGGGGGGGGGGGGGGss.......
GGGGGGGGGGGGGGGGGGGsss......
GGGGGGGGGGGGGGGGGGGGss......
GGGGGGGGGGGGGGGGGGGGss......
GGGGGGGGGGGGGGGGGGGGsss.....
GGGGGGGGGGGGGGGGGGGGGss.....
GGGGGGGGGGGGGGGGGGGGGss.....
GGGGGGGGGGGGGGGGGGGGGss.....
GGGGGGGGGGGGGGGGGGGGGsss....
GGGGGGGGGGGGGGGGGGGGGGss....
GGGGGGGGGGGGGGGGGGGGGGss....
GGGGGGGGGGGGGGGGGGGGGGsss...
GGGGGGGGGGGGGGGGGGGGGGGss...
GGGGGGGGGGGGGGGGGGGGGGGGss..
GGGGGGGGGGGGGGGGGGGGGGGGssss
GGGGGGGGGGGGGGGGGGGGGGGGGsss
......GGGGGGGGGGGGGGGGGGGGGG
GGGGG.GGGGGGGGGGGGGGGGGGGGGG
GGGGG.GGGGGGGGGGGGGGGGGGGGGG
GGGGG.GGGGGGGGGGGGGGGGGGGGGG
GGGGG.GGGGGGGGGGGGGGGGGGGGGG
GGGGG.GGGGGGGGGGGGGGGGGGGGGG
[ENTITY]