Tile6_3
[RSC]
G grass.png
r rubble.png
[AT]
......r.....................
......r.....................
......r.....................
......rr....................
............................
......r..............r......
rrrrrrrr.....r..............
............................
..................r.........
......................r.....
............................
...........r.......r........
............................
............................
.....r...........r..........
.............r..............
...........rrr.rrrrrr.r.....
...........r....r.....r.....
...........r........rrr.....
.....r.....r..r.............
.......r...r.......r..r.....
...........r..r.......r.....
...........r..r.............
...........r.rrrrr.rrrr.....
[UNDER]
GGGGGG.GGGGGGGGGGGGGGGGGGGGG
GGGGGG.GGGGGGGGGGGGGGGGGGGGG
GGGGGG.GGGGGGGGGGGGGGGGGGGGG
GGGGGG..GGGGGGGGGGGGGGGGGGGG
GGGGGGGGGGGGGGGGGGGGGGGGGGGG
GGGGGG.GGGGGGGGGGGGGG.GGGGGG
........GGGGG.GGGGGGGGGGGGGG
GGGGGGGGGGGGGGGGGGGGGGGGGGGG
GGGGGGGGGGGGGGGGGG.GGGGGGGGG
GGGGGGGGGGGGGGGGGGGGGG.GGGGG
GGGGGGGGGGGGGGGGGGGGGGGGGGGG
GGGGGGGGGGG.GGGGGGG.GGGGGGGG
GGGGGGGGGGGGGGGGGGGGGGGGGGGG
GGGGGGGGGGGGGGGGGGGGGGGGGGGG
GGGGG.GGGGGGGGGGG.GGGGGGGGGG
GGGGGGGGGGGGG.GGGGGGGGGGGGGG
GGGGGGGGGGG...G......G.GGGGG
GGGGGGGGGGG.GGGG.GGGGG.GGGGG
GGGGGGGGGGG.GGGGGGGG...GGGGG
GGGGG.GGGGG.GG.GGGGGGGGGGGGG
GGGGGGG.GGG.GGGGGGG.GG.GGGGG
GGGGGGGGGGG.GG.GGGGGGG.GGGGG
GGGGGGGGGGG.GG.GGGGGGGGGGGGG
GGGGGGGGGGG.G.....G....GGGGG
[ENTITY]
skeleton skeletonDown.png 128 128
skeleton skeletonDown.png 608 608

