Tile6_4
[RSC]
r rubble.png
M rockyMountain.png
G grass.png
[AT]
........r...............r...
........rr..............rr..
.........rrrrrr.rrrr.rr..r..
............................
............................
............................
............................
............................
............................
............................
MMMMM.......................
MMMMMMMMMMMMMMMMM...........
MMMMMMMMMMMMMMMMMMMMMM......
MMMMMMMMMMMMMMMMMMMMMMMMMMMM
MMMMMMMMMMMMMMMMMMMMMMMMMMMM
MMMMMMMMMMMMMMMMMMMMMMMMMMMM
MMMMMMMMMMMMMMMMMMMMMMMMMMMM
MMMMMMMMMMMMMMMMMMMMMMMMMMMM
MMMMMMMMMMMMMMMMMMMMMMMMMMMM
MMMMMMMMMMMMMMMMMMMMMMMMMMMM
MMMMMMMMMMMMMMMMMMMMMMMMMMMM
MMMMMMMMMMMMMMMMMMMMMMMMMMMM
MMMMMMMMMMMMMMMMMMMMMMMMMMMM
MMMMMMMMMMMMMMMMMMMMMMMMMMMM
[UNDER]
GGGGGGGG.GGGGGGGGGGGGGGG.GGG
GGGGGGGG..GGGGGGGGGGGGGG..GG
GGGGGGGGG......G....G..GG.GG
GGGGGGGGGGGGGGGGGGGGGGGGGGGG
GGGGGGGGGGGGGGGGGGGGGGGGGGGG
GGGGGGGGGGGGGGGGGGGGGGGGGGGG
GGGGGGGGGGGGGGGGGGGGGGGGGGGG
GGGGGGGGGGGGGGGGGGGGGGGGGGGG
GGGGGGGGGGGGGGGGGGGGGGGGGGGG
GGGGGGGGGGGGGGGGGGGGGGGGGGGG
.....GGGGGGGGGGGGGGGGGGGGGGG
.................GGGGGGGGGGG
......................GGGGGG
............................
............................
............................
............................

............................
............................
............................
............................
............................
............................
............................
[ENTITY]