The (7,1) position in the map grid
[RSC]
O water.png
S sand.png
B waterWithStone.png
G grass.png
t treeTop.png
b treeBottom.png
[AT]
OOOOOOOOOOOOOOOOOOOOOOOOOOOO
OOOOOOOOOOOOOO..............
OOOOOOOOOOOOO...............
OOOOOOOOOOO.................
OOOOOOOOO...................
OOOOOOOO....................
OOOOOOOOO...................
OOOOOOOOOO......t...........
OOOOOOOOOOO.....b...........
OOOOOOOOOOOO..............MM
OOOOOOOOOOOO.............MMM
OOOOOOOOOOO.............MMMM
OOOOOOOOOOO.........t...MMMM
OOOOOOOOOO..........b..MMMMM
OOOOOOOOOO.............MMMMM
OOOOOOOOOO............MMMMMM
OOOOOOOOOO......t.....MMMMMM
OOOOOOOOOO......b.......MMMM
OOOOOOOOOOO...............MM
OOOOOOOOOOOO................
OOOOOOOOOOOOO........t......
OOOOOOOOOOOOOO.......b......
OOOOOOOOOOOOOOO.............
OOOOOOOOOOOOOOOO............
[UNDER]
............................
..............SSSSSSSSSSSSSS
.............SSSSSSSSSSSSSSS
...........SSSSSSSSSSSSSSSSS
.........SSSGGGGGGGGGGGGGGGG
........SSSGGGGGGGGGGGGGGGGG
.........SSSGGGGGGGGGGGGGGGG
..........SSSGGG.GGGGGGGGGGG
...........SSSGG.GGGGGGGGGGG
............SSSGGGGGGGGGGG..
............SSSGGGGGGGGGG...
...........SSSGGGGGGGGGG....
...........SSSGGGGGG.GGG....
..........SSSGGGGGGG.GG.....
..........SSSGGGGGGGGGG.....
..........SSSGGGGGGGGG......
..........SSSGGG.GGGGG......
..........SSSGGG.GGGGGGG....
...........SSSGGGGGGGGGGGG..
............SSSGGGGGGGGGGGGG
.............SSSGGGGG.GGGGGG
..............SSSGGGG.GGGGGG
...............SSSGGGGGGGGGG
................SSSGGGGGGGGG
[ENTITY]
skeleton skeletonDown.png 608 320
skeleton skeletonDown.png 640 352