Tile7_3
[RSC]
G grass.png
M rockyMountain.png
s sand.png
O water.png
[AT]
.......................OOOOO
........................OOOO
.........................OOO
...........................O
............................
............................
............................
............................
............................
............................
............................
............................
............................
............................
............................
...............MM...........
..............MMMM..........
.............MMMMMM.........
............MMMMMMMM........
............MMMMMMMMM.......
.............MMMMMMMM.......
..............MMMMMMMM......
...............MMMMMMMM.....
................MMMMMMMM....
[UNDER]
GGGGsssssssssssssssssss.....
GGGGGGGGssssssssssssssss....
GGGGGGGGGGGGGGsssssssssss...
GGGGGGGGGGGGGGGGsssssssssss.
GGGGGGGGGGGGGGGGGGGsssssssss
GGGGGGGGGGGGGGGGGGGGGGssssss
GGGGGGGGGGGGGGGGGGGGGGGGGGGG
GGGGGGGGGGGGGGGGGGGGGGGGGGGG
GGGGGGGGGGGGGGGGGGGGGGGGGGGG
GGGGGGGGGGGGGGGGGGGGGGGGGGGG
GGGGGGGGGGGGGGGGGGGGGGGGGGGG
GGGGGGGGGGGGGGGGGGGGGGGGGGGG
GGGGGGGGGGGGGGGGGGGGGGGGGGGG
GGGGGGGGGGGGGGGGGGGGGGGGGGGG
GGGGGGGGGGGGGGGGGGGGGGGGGGGG
GGGGGGGGGGGGGGG..GGGGGGGGGGG
GGGGGGGGGGGGGG....GGGGGGGGGG
GGGGGGGGGGGGG......GGGGGGGGG
GGGGGGGGGGGG........GGGGGGGG
GGGGGGGGGGGG.........GGGGGGG
GGGGGGGGGGGGG........GGGGGGG
GGGGGGGGGGGGGG........GGGGGG
GGGGGGGGGGGGGGG........GGGGG
GGGGGGGGGGGGGGGG........GGGG
[ENTITY]



