Tile8_2
[RSC]
s sand.png
O water.png
M rockyMountain.png
f dirt.png
G grass.png
[AT]
MMMMMMMMMMMMMMMMMMMMMMMMMMMM
....MMMMMMMMMMMM.....MMMMMMM
..........MMMMMM.....MMMMM..
.......t.....MMMM...MMMM....
.......b.....t..t...t.......
OO...........b..b...b....t..
OOOOO..............t.....b..
OOOOO..............b........
OOOOOO......................
OOOOOOOOO...................
OOOOOOOOOOOO................
OOOOOOOOOOOOOOO.............
OOOOOOOOOOOOOOO...OOOO......
OOOOOOOOOOOOOOO...OOOOOOOOOO
OOOOOOOOOOOOOOO...OOOOOOOOOO
OOOOOOOOOOOOOOO...OOOOOOOOOO
OOOOOOOOOOOOOOO...OOOOOOOOOO
OOOOOOOOOOOOOOO...OOOOOOOOOO
OOO.OOOOOOOOOOO...OOOOOOOOOO
OOOOOOOO............OOOOOOOO
...OOOO..............OOOOOOO
......................OOOOOO
OO.....................OOOOO
OOOOO..................OOOOO
[UNDER]
............................
GGGG............fffff.......
ssGGGGGGGG......fffff.....GG
sssGGGG.GGGGG....fff....GGGG
sssssGG.GGGGG.GG.GGG.GGGGGGG
..ssssssGGGGG.GG.GGG.GGGG.GG
.....ssssGGGGGGGGGG.GGGGG.GG
.....ssssGGGGGGGGGG.GGGGGGGG
......ssssssGGGGGGGGGGGGGGGG
.........ssssssssssGGGGGGGGG
............ssssssssssssssss
...............sssssssssssss
...............sss....ssssss
...............sss..........
...............sss..........
...............sss..........
...............sss..........
...............sss..........
...s...........sss..........
........ssssssssssss........
sss....ssssssssssssss.......
ssssssssssssssssssssss......
..sssssssssssssssssssss.....
.....ssssssssssssssssss.....
[ENTITY]
skeleton skeletonDown.png 608 64
skeleton skeletonDown.png 640 64
skeleton skeletonDown.png 608 96
skeleton skeletonDown.png 608 256
