Tile8_3
[RSC]
G grass.png
M rockyMountain.png
s sand.png
O water.png
[AT]
OOOOOOOOOOOOOOOOOOOOO.......
OOOOOOOOOOOOOOOOOOOO........
OOOOOOOOOOOOOOOOOOO.........
OOOOOOOOOOOOOOOOO...........
OOOOOOOOOOOOOOOO............
OOOOOOOOOOOOOOOO............
OOOOOOOOOOOOOOO.............
OOOOOOOOOOOOOO..............
OOOOOOOOOOOOO...............
OOOOOOOOOOO.................
OOOOOOOOOO..................
OOOOOOOOO...................
OOOOOOOOO...................
OOOOOOOO....................
OOOOOOOO....................
OOOOOOOO....................
OOOOOOO.....................
OOOOOOO.....................
OOOOO.......................
OOO.........................
O...........................
............................
............................
............................
[UNDER]
.....................ssGGGGG
....................ssGGGGGG
...................ssGGGGGGG
.................ssGGGGGGGGG
................ssGGGGGGGGGG
................ssGGGGGGGGGG
...............ssGGGGGGGGGGG
..............ssGGGGGGGGGGGG
.............ssGGGGGGGGGGGGG
...........ssGGGGGGGGGGGGGGG
..........ssGGGGGGGGGGGGGGGG
.........ssGGGGGGGGGGGGGGGGG
.........ssGGGGGGGGGGGGGGGGG
........ssGGGGGGGGGGGGGGGGGG
........ssGGGGGGGGGGGGGGGGGG
........ssGGGGGGGGGGGGGGGGGG
.......ssGGGGGGGGGGGGGGGGGGG
.......ssGGGGGGGGGGGGGGGGGGG
.....ssGGGGGGGGGGGGGGGGGGGGG
...ssGGGGGGGGGGGGGGGGGGGGGGG
.sssGGGGGGGGGGGGGGGGGGGGGGGG
sssGGGGGGGGGGGGGGGGGGGGGGGGG
ssGGGGGGGGGGGGGGGGGGGGGGGGGG
sGGGGGGGGGGGGGGGGGGGGGGGGGGG
[ENTITY]



