Tile9_4
[RSC]
W wall.png
M mountain.png
G grass.png
S sand.png
[AT]
............................
............................
............................
............................
............................
............................
............................
............................
............................
............................
............................
............................
.........................MMM
......................MMMMMM
....................MMMMMMMM
..................MMMMMMMMMM
................MMMMMMMMMMMM
..............MMMMMMMMMMMMMM
.............MMMMMMMMMMMMMMM
........MMMMMMMMMMMMMMMMMMMM
......MMMMMMMMMMMMMMMMMMMMMM
......MMMMMMMMMMMMMMMMMMMMMM
MMMMMMMMMMMMMMMMMMMMMMMMMMMM
MMMMMMMMMMMMMMMMMMMMMMMMMMMM
[UNDER]
SSSSSSSSSSSGGGGGGGGGGGGGGGGG
SSSSSSSSGGGGGGGGGGGGGGGGGGGG
SSSSSSGGGGGGGGGGGGGGGGGGGGGG
SSSGGGGGGGGGGGGGGGGGGGGGGGGG
SGGGGGGGGGGGGGGGGGGGGGGGGGGG
GGGGGGGGGGGGGGGGGGGGGGGGGGGG
GGGGGGGGGGGGGGGGGGGGGGGGGGGG
GGGGGGGGGGGGGGGGGGGGGGGGGGGG
GGGGGGGGGGGGGGGGGGGGGGGGGGGG
GGGGGGGGGGGGGGGGGGGGGGGGGGGG
GGGGGGGGGGGGGGGGGGGGGGGGGGGG
GGGGGGGGGGGGGGGGGGGGGGGGGGGG
GGGGGGGGGGGGGGGGGGGGGGGGG...
GGGGGGGGGGGGGGGGGGGGGG......
GGGGGGGGGGGGGGGGGGGG........
GGGGGGGGGGGGGGGGGG..........
GGGGGGGGGGGGGGGG............
GGGGGGGGGGGGGG..............
GGGGGGGGGGGGG...............
GGGGGGGG....................
GGGGGG......................
GGGGGG......................
............................
............................
[ENTITY]